; c64asm listing  (origin $0801, 8340 bytes)
; CYCLES column: a plain number is a fixed cycle count; "b/b+1" means b cycles, +1 more if this instruction's indexed addressing crosses a page boundary; "2/3/4" means a branch's usual 2 (not taken) / 3 (taken) / 4 (taken, crossing a page). Blank means an illegal/undocumented opcode (.cpu 6510x) -- see c64asm-reference.md "Listing file format".

ADDR  BYTES      CYCLES  SOURCE
080D  A9 0E      2           LDA #14           ; switch to the lower/upper character set - required
080F  20 D2 FF   6           JSR __CHROUT      ; for the PETSCII case mapping below to render as letters
0812  A9 00      2           LDA #0
0814  8D 25 08   4           STA __rt_spidx
0817  A9 95      2           LDA #<__rt_cstack ; call-stack pointer starts at the base of its buffer -
0819  8D 26 08   4           STA __rt_csp      ; see codegen_stmt.c's emit_function() for how each
081C  A9 18      2           LDA #>__rt_cstack ; function's push/popframe routines use it to support
081E  8D 27 08   4           STA __rt_csp+1    ; recursion despite locals/params living at fixed addresses
0821  20 FE 15   6           JSR __fn_main
0824  60         6           RTS
0835  AE 25 08   4           LDX __rt_spidx
0838  A5 FB      3           LDA __zpR
083A  9D 95 17   5           STA __rt_stack,X
083D  A5 FC      3           LDA __zpR+1
083F  9D 96 17   5           STA __rt_stack+1,X
0842  E8         2           INX
0843  E8         2           INX
0844  8E 25 08   4           STX __rt_spidx
0847  D0 0E      2/3/4       BNE __rt_push_ok
0849  A9 AE      2           LDA #<__str_1
084B  85 FB      3           STA __zpR
084D  A9 16      2           LDA #>__str_1
084F  85 FC      3           STA __zpR+1
0851  20 E2 0A   6           JSR __rt_puts
0854  4C 54 08   3           JMP __rt_push_halt
0857  60         6           RTS
0858  AE 25 08   4           LDX __rt_spidx
085B  CA         2           DEX
085C  CA         2           DEX
085D  BD 95 17   4/5         LDA __rt_stack,X
0860  85 FD      3           STA __zpR2
0862  BD 96 17   4/5         LDA __rt_stack+1,X
0865  85 FE      3           STA __zpR2+1
0867  8E 25 08   4           STX __rt_spidx
086A  60         6           RTS
086B  BA         2           TSX
086C  E0 20      2           CPX #$20
086E  90 12      2/3/4       BCC __rt_csc_overflow
0870  AD 27 08   4           LDA __rt_csp+1
0873  C9 28      2           CMP #>(__rt_cstack+4096)
0875  90 19      2/3/4       BCC __rt_csc_ok
0877  D0 09      2/3/4       BNE __rt_csc_overflow
0879  AD 26 08   4           LDA __rt_csp
087C  C9 95      2           CMP #<(__rt_cstack+4096)
087E  90 10      2/3/4       BCC __rt_csc_ok
0880  F0 0E      2/3/4       BEQ __rt_csc_ok
0882  A9 59      2           LDA #<__str_0
0884  85 FB      3           STA __zpR
0886  A9 16      2           LDA #>__str_0
0888  85 FC      3           STA __zpR+1
088A  20 E2 0A   6           JSR __rt_puts
088D  4C 8D 08   3           JMP __rt_csc_halt
0890  60         6           RTS
0891  A9 00      2           LDA #0
0893  8D 2A 08   4           STA __zpT0
0896  8D 2B 08   4           STA __zpT0+1
0899  A2 10      2           LDX #16
089B  46 FC      5           LSR __zpR+1
089D  66 FB      5           ROR __zpR
089F  90 11      2/3/4       BCC __rt_mul16_noadd
08A1  18         2           CLC
08A2  AD 2A 08   4           LDA __zpT0
08A5  65 FD      3           ADC __zpR2
08A7  8D 2A 08   4           STA __zpT0
08AA  AD 2B 08   4           LDA __zpT0+1
08AD  65 FE      3           ADC __zpR2+1
08AF  8D 2B 08   4           STA __zpT0+1
08B2  06 FD      5           ASL __zpR2
08B4  26 FE      5           ROL __zpR2+1
08B6  CA         2           DEX
08B7  D0 E2      2/3/4       BNE __rt_mul16_loop
08B9  AD 2A 08   4           LDA __zpT0
08BC  85 FB      3           STA __zpR
08BE  AD 2B 08   4           LDA __zpT0+1
08C1  85 FC      3           STA __zpR+1
08C3  60         6           RTS
08C4  A9 00      2           LDA #0
08C6  8D 2A 08   4           STA __zpT0
08C9  8D 2B 08   4           STA __zpT0+1
08CC  A2 10      2           LDX #16
08CE  06 FD      5           ASL __zpR2
08D0  26 FE      5           ROL __zpR2+1
08D2  2E 2A 08   6           ROL __zpT0
08D5  2E 2B 08   6           ROL __zpT0+1
08D8  AD 2A 08   4           LDA __zpT0
08DB  38         2           SEC
08DC  E5 FB      3           SBC __zpR
08DE  A8         2           TAY
08DF  AD 2B 08   4           LDA __zpT0+1
08E2  E5 FC      3           SBC __zpR+1
08E4  90 08      2/3/4       BCC __rt_udiv16_skip
08E6  8D 2B 08   4           STA __zpT0+1
08E9  8C 2A 08   4           STY __zpT0
08EC  E6 FD      5           INC __zpR2
08EE  CA         2           DEX
08EF  D0 DD      2/3/4       BNE __rt_udiv16_loop
08F1  60         6           RTS
08F2  38         2           SEC
08F3  A9 00      2           LDA #0
08F5  E5 FD      3           SBC __zpR2
08F7  AA         2           TAX
08F8  A9 00      2           LDA #0
08FA  E5 FE      3           SBC __zpR2+1
08FC  85 FE      3           STA __zpR2+1
08FE  86 FD      3           STX __zpR2
0900  60         6           RTS
0901  38         2           SEC
0902  A9 00      2           LDA #0
0904  E5 FB      3           SBC __zpR
0906  AA         2           TAX
0907  A9 00      2           LDA #0
0909  E5 FC      3           SBC __zpR+1
090B  85 FC      3           STA __zpR+1
090D  86 FB      3           STX __zpR
090F  60         6           RTS
0910  38         2           SEC
0911  A9 00      2           LDA #0
0913  ED 2A 08   4           SBC __zpT0
0916  AA         2           TAX
0917  A9 00      2           LDA #0
0919  ED 2B 08   4           SBC __zpT0+1
091C  8D 2B 08   4           STA __zpT0+1
091F  8E 2A 08   4           STX __zpT0
0922  60         6           RTS
0923  A9 00      2           LDA #0
0925  8D 28 08   4           STA __zpT1
0928  8D 29 08   4           STA __zpT1+1
092B  A5 FE      3           LDA __zpR2+1
092D  10 06      2/3/4       BPL __rt_sdm_d1
092F  20 F2 08   6           JSR __rt_neg_r2
0932  EE 28 08   6           INC __zpT1
0935  A5 FC      3           LDA __zpR+1
0937  10 06      2/3/4       BPL __rt_sdm_d2
0939  20 01 09   6           JSR __rt_neg_r
093C  EE 29 08   6           INC __zpT1+1
093F  20 C4 08   6           JSR __rt_udiv16
0942  AD 28 08   4           LDA __zpT1
0945  4D 29 08   4           EOR __zpT1+1
0948  29 01      2           AND #1
094A  F0 03      2/3/4       BEQ __rt_sdm_qdone
094C  20 F2 08   6           JSR __rt_neg_r2
094F  AD 28 08   4           LDA __zpT1
0952  F0 03      2/3/4       BEQ __rt_sdm_rdone
0954  20 10 09   6           JSR __rt_neg_t0
0957  60         6           RTS
0958  A5 FD      3           LDA __zpR2
095A  C5 FB      3           CMP __zpR
095C  D0 0F      2/3/4       BNE __rt_eq16_ne
095E  A5 FE      3           LDA __zpR2+1
0960  C5 FC      3           CMP __zpR+1
0962  D0 09      2/3/4       BNE __rt_eq16_ne
0964  A9 01      2           LDA #1
0966  85 FB      3           STA __zpR
0968  A9 00      2           LDA #0
096A  85 FC      3           STA __zpR+1
096C  60         6           RTS
096D  A9 00      2           LDA #0
096F  85 FB      3           STA __zpR
0971  85 FC      3           STA __zpR+1
0973  60         6           RTS
0974  A5 FD      3           LDA __zpR2
0976  C5 FB      3           CMP __zpR
0978  D0 0D      2/3/4       BNE __rt_ne16_ne
097A  A5 FE      3           LDA __zpR2+1
097C  C5 FC      3           CMP __zpR+1
097E  D0 07      2/3/4       BNE __rt_ne16_ne
0980  A9 00      2           LDA #0
0982  85 FB      3           STA __zpR
0984  85 FC      3           STA __zpR+1
0986  60         6           RTS
0987  A9 01      2           LDA #1
0989  85 FB      3           STA __zpR
098B  A9 00      2           LDA #0
098D  85 FC      3           STA __zpR+1
098F  60         6           RTS
0990  38         2           SEC
0991  A5 FD      3           LDA __zpR2
0993  E5 FB      3           SBC __zpR
0995  A5 FE      3           LDA __zpR2+1
0997  E5 FC      3           SBC __zpR+1
0999  50 02      2/3/4       BVC __rt_sub_r2r_ok
099B  49 80      2           EOR #$80
099D  60         6           RTS
099E  38         2           SEC
099F  A5 FB      3           LDA __zpR
09A1  E5 FD      3           SBC __zpR2
09A3  A5 FC      3           LDA __zpR+1
09A5  E5 FE      3           SBC __zpR2+1
09A7  50 02      2/3/4       BVC __rt_sub_rr2_ok
09A9  49 80      2           EOR #$80
09AB  60         6           RTS
09AC  20 90 09   6           JSR __rt_sub_r2r
09AF  30 07      2/3/4       BMI __rt_lt16_t
09B1  A9 00      2           LDA #0
09B3  85 FB      3           STA __zpR
09B5  85 FC      3           STA __zpR+1
09B7  60         6           RTS
09B8  A9 01      2           LDA #1
09BA  85 FB      3           STA __zpR
09BC  A9 00      2           LDA #0
09BE  85 FC      3           STA __zpR+1
09C0  60         6           RTS
09C1  20 90 09   6           JSR __rt_sub_r2r
09C4  10 07      2/3/4       BPL __rt_ge16_t
09C6  A9 00      2           LDA #0
09C8  85 FB      3           STA __zpR
09CA  85 FC      3           STA __zpR+1
09CC  60         6           RTS
09CD  A9 01      2           LDA #1
09CF  85 FB      3           STA __zpR
09D1  A9 00      2           LDA #0
09D3  85 FC      3           STA __zpR+1
09D5  60         6           RTS
09D6  20 9E 09   6           JSR __rt_sub_rr2
09D9  30 07      2/3/4       BMI __rt_gt16_t
09DB  A9 00      2           LDA #0
09DD  85 FB      3           STA __zpR
09DF  85 FC      3           STA __zpR+1
09E1  60         6           RTS
09E2  A9 01      2           LDA #1
09E4  85 FB      3           STA __zpR
09E6  A9 00      2           LDA #0
09E8  85 FC      3           STA __zpR+1
09EA  60         6           RTS
09EB  20 9E 09   6           JSR __rt_sub_rr2
09EE  10 07      2/3/4       BPL __rt_le16_t
09F0  A9 00      2           LDA #0
09F2  85 FB      3           STA __zpR
09F4  85 FC      3           STA __zpR+1
09F6  60         6           RTS
09F7  A9 01      2           LDA #1
09F9  85 FB      3           STA __zpR
09FB  A9 00      2           LDA #0
09FD  85 FC      3           STA __zpR+1
09FF  60         6           RTS
0A00  A6 FB      3           LDX __zpR
0A02  A5 FD      3           LDA __zpR2
0A04  85 FB      3           STA __zpR
0A06  A5 FE      3           LDA __zpR2+1
0A08  85 FC      3           STA __zpR+1
0A0A  E0 00      2           CPX #0
0A0C  F0 08      2/3/4       BEQ __rt_shl16_done
0A0E  06 FB      5           ASL __zpR
0A10  26 FC      5           ROL __zpR+1
0A12  CA         2           DEX
0A13  4C 0A 0A   3           JMP __rt_shl16_loop
0A16  60         6           RTS
0A17  A6 FB      3           LDX __zpR
0A19  A5 FD      3           LDA __zpR2
0A1B  85 FB      3           STA __zpR
0A1D  A5 FE      3           LDA __zpR2+1
0A1F  85 FC      3           STA __zpR+1
0A21  E0 00      2           CPX #0
0A23  F0 0C      2/3/4       BEQ __rt_shr16_done
0A25  A5 FC      3           LDA __zpR+1
0A27  C9 80      2           CMP #$80
0A29  66 FC      5           ROR __zpR+1
0A2B  66 FB      5           ROR __zpR
0A2D  CA         2           DEX
0A2E  4C 21 0A   3           JMP __rt_shr16_loop
0A31  60         6           RTS
0A32  A6 FB      3           LDX __zpR
0A34  A5 FD      3           LDA __zpR2
0A36  85 FB      3           STA __zpR
0A38  A5 FE      3           LDA __zpR2+1
0A3A  85 FC      3           STA __zpR+1
0A3C  E0 00      2           CPX #0
0A3E  F0 09      2/3/4       BEQ __rt_ushr16_done
0A40  18         2           CLC
0A41  66 FC      5           ROR __zpR+1
0A43  66 FB      5           ROR __zpR
0A45  CA         2           DEX
0A46  4C 3C 0A   3           JMP __rt_ushr16_loop
0A49  60         6           RTS
0A4A  A5 FB      3           LDA __zpR
0A4C  C9 61      2           CMP #$61
0A4E  90 0C      2/3/4       BCC __rt_tp_notlower
0A50  C9 7B      2           CMP #$7B
0A52  B0 08      2/3/4       BCS __rt_tp_notlower
0A54  38         2           SEC
0A55  E9 20      2           SBC #$20
0A57  85 FB      3           STA __zpR
0A59  4C 69 0A   3           JMP __rt_tp_done
0A5C  C9 41      2           CMP #$41
0A5E  90 09      2/3/4       BCC __rt_tp_done
0A60  C9 5B      2           CMP #$5B
0A62  B0 05      2/3/4       BCS __rt_tp_done
0A64  18         2           CLC
0A65  69 80      2           ADC #$80
0A67  85 FB      3           STA __zpR
0A69  60         6           RTS
0A6A  A5 FE      3           LDA __zpR2+1
0A6C  C5 FC      3           CMP __zpR+1
0A6E  90 0F      2/3/4       BCC __rt_ult16_t
0A70  D0 06      2/3/4       BNE __rt_ult16_f
0A72  A5 FD      3           LDA __zpR2
0A74  C5 FB      3           CMP __zpR
0A76  90 07      2/3/4       BCC __rt_ult16_t
0A78  A9 00      2           LDA #0
0A7A  85 FB      3           STA __zpR
0A7C  85 FC      3           STA __zpR+1
0A7E  60         6           RTS
0A7F  A9 01      2           LDA #1
0A81  85 FB      3           STA __zpR
0A83  A9 00      2           LDA #0
0A85  85 FC      3           STA __zpR+1
0A87  60         6           RTS
0A88  A5 FC      3           LDA __zpR+1
0A8A  C5 FE      3           CMP __zpR2+1
0A8C  90 0F      2/3/4       BCC __rt_ugt16_t
0A8E  D0 06      2/3/4       BNE __rt_ugt16_f
0A90  A5 FB      3           LDA __zpR
0A92  C5 FD      3           CMP __zpR2
0A94  90 07      2/3/4       BCC __rt_ugt16_t
0A96  A9 00      2           LDA #0
0A98  85 FB      3           STA __zpR
0A9A  85 FC      3           STA __zpR+1
0A9C  60         6           RTS
0A9D  A9 01      2           LDA #1
0A9F  85 FB      3           STA __zpR
0AA1  A9 00      2           LDA #0
0AA3  85 FC      3           STA __zpR+1
0AA5  60         6           RTS
0AA6  A5 FC      3           LDA __zpR+1
0AA8  C5 FE      3           CMP __zpR2+1
0AAA  90 11      2/3/4       BCC __rt_ule16_f
0AAC  D0 06      2/3/4       BNE __rt_ule16_t
0AAE  A5 FB      3           LDA __zpR
0AB0  C5 FD      3           CMP __zpR2
0AB2  90 09      2/3/4       BCC __rt_ule16_f
0AB4  A9 01      2           LDA #1
0AB6  85 FB      3           STA __zpR
0AB8  A9 00      2           LDA #0
0ABA  85 FC      3           STA __zpR+1
0ABC  60         6           RTS
0ABD  A9 00      2           LDA #0
0ABF  85 FB      3           STA __zpR
0AC1  85 FC      3           STA __zpR+1
0AC3  60         6           RTS
0AC4  A5 FE      3           LDA __zpR2+1
0AC6  C5 FC      3           CMP __zpR+1
0AC8  90 11      2/3/4       BCC __rt_uge16_f
0ACA  D0 06      2/3/4       BNE __rt_uge16_t
0ACC  A5 FD      3           LDA __zpR2
0ACE  C5 FB      3           CMP __zpR
0AD0  90 09      2/3/4       BCC __rt_uge16_f
0AD2  A9 01      2           LDA #1
0AD4  85 FB      3           STA __zpR
0AD6  A9 00      2           LDA #0
0AD8  85 FC      3           STA __zpR+1
0ADA  60         6           RTS
0ADB  A9 00      2           LDA #0
0ADD  85 FB      3           STA __zpR
0ADF  85 FC      3           STA __zpR+1
0AE1  60         6           RTS
0AE2  A5 FB      3           LDA __zpR
0AE4  85 02      3           STA __zpAP
0AE6  A5 FC      3           LDA __zpR+1
0AE8  85 03      3           STA __zpAP+1
0AEA  A0 00      2           LDY #0
0AEC  B1 02      5/6         LDA (__zpAP),Y
0AEE  F0 1A      2/3/4       BEQ __rt_puts_done
0AF0  85 FB      3           STA __zpR
0AF2  20 4A 0A   6           JSR __rt_topetscii
0AF5  A5 FB      3           LDA __zpR
0AF7  20 D2 FF   6           JSR __CHROUT
0AFA  18         2           CLC
0AFB  A5 02      3           LDA __zpAP
0AFD  69 01      2           ADC #1
0AFF  85 02      3           STA __zpAP
0B01  A5 03      3           LDA __zpAP+1
0B03  69 00      2           ADC #0
0B05  85 03      3           STA __zpAP+1
0B07  4C EA 0A   3           JMP __rt_puts_loop
0B0A  60         6           RTS
0B0B  85 FB      3           STA __zpR
0B0D  20 4A 0A   6           JSR __rt_topetscii
0B10  A5 FB      3           LDA __zpR
0B12  4C D2 FF   3           JMP __CHROUT
0B15  A5 FB      3           LDA __zpR
0B17  8D 33 08   4           STA __rt_ph_lo
0B1A  A5 FC      3           LDA __zpR+1
0B1C  20 26 0B   6           JSR __rt_ph_byte
0B1F  AD 33 08   4           LDA __rt_ph_lo
0B22  20 26 0B   6           JSR __rt_ph_byte
0B25  60         6           RTS
0B26  8D 34 08   4           STA __rt_ph_byte_sv
0B29  4A         2           LSR A
0B2A  4A         2           LSR A
0B2B  4A         2           LSR A
0B2C  4A         2           LSR A
0B2D  20 38 0B   6           JSR __rt_ph_nibble
0B30  AD 34 08   4           LDA __rt_ph_byte_sv
0B33  29 0F      2           AND #$0F
0B35  4C 38 0B   3           JMP __rt_ph_nibble
0B38  C9 0A      2           CMP #10
0B3A  90 06      2/3/4       BCC __rt_ph_digit
0B3C  18         2           CLC
0B3D  69 37      2           ADC #55
0B3F  4C 0B 0B   3           JMP __rt_putc
0B42  18         2           CLC
0B43  69 30      2           ADC #48
0B45  4C 0B 0B   3           JMP __rt_putc
0B48  A9 00      2           LDA #0
0B4A  8D 2C 08   4           STA __rt_pi_neg
0B4D  8D 2D 08   4           STA __rt_pi_ndig
0B50  A5 FC      3           LDA __zpR+1
0B52  10 10      2/3/4       BPL __rt_pi_notneg
0B54  EE 2C 08   6           INC __rt_pi_neg
0B57  38         2           SEC
0B58  A9 00      2           LDA #0
0B5A  E5 FB      3           SBC __zpR
0B5C  85 FB      3           STA __zpR
0B5E  A9 00      2           LDA #0
0B60  E5 FC      3           SBC __zpR+1
0B62  85 FC      3           STA __zpR+1
0B64  A5 FB      3           LDA __zpR
0B66  05 FC      3           ORA __zpR+1
0B68  D0 0F      2/3/4       BNE __rt_pi_digloop_init
0B6A  AD 2C 08   4           LDA __rt_pi_neg
0B6D  F0 05      2/3/4       BEQ __rt_pi_zero
0B6F  A9 2D      2           LDA #45
0B71  20 0B 0B   6           JSR __rt_putc
0B74  A9 30      2           LDA #48
0B76  4C 0B 0B   3           JMP __rt_putc
0B79  A5 FB      3           LDA __zpR
0B7B  85 FD      3           STA __zpR2
0B7D  A5 FC      3           LDA __zpR+1
0B7F  85 FE      3           STA __zpR2+1
0B81  A9 0A      2           LDA #10
0B83  85 FB      3           STA __zpR
0B85  A9 00      2           LDA #0
0B87  85 FC      3           STA __zpR+1
0B89  20 23 09   6           JSR __rt_sdivmod16
0B8C  AE 2D 08   4           LDX __rt_pi_ndig
0B8F  AD 2A 08   4           LDA __zpT0
0B92  9D 2E 08   5           STA __rt_pbuf,X
0B95  EE 2D 08   6           INC __rt_pi_ndig
0B98  A5 FD      3           LDA __zpR2
0B9A  05 FE      3           ORA __zpR2+1
0B9C  D0 EB      2/3/4       BNE __rt_pi_digloop
0B9E  AD 2C 08   4           LDA __rt_pi_neg
0BA1  F0 05      2/3/4       BEQ __rt_pi_printloop
0BA3  A9 2D      2           LDA #45
0BA5  20 0B 0B   6           JSR __rt_putc
0BA8  CE 2D 08   6           DEC __rt_pi_ndig
0BAB  AE 2D 08   4           LDX __rt_pi_ndig
0BAE  BD 2E 08   4/5         LDA __rt_pbuf,X
0BB1  18         2           CLC
0BB2  69 30      2           ADC #48
0BB4  20 0B 0B   6           JSR __rt_putc
0BB7  AD 2D 08   4           LDA __rt_pi_ndig
0BBA  D0 EC      2/3/4       BNE __rt_pi_printloop
0BBC  60         6           RTS
0BBD  A9 00      2           LDA #0
0BBF  8D 2D 08   4           STA __rt_pi_ndig
0BC2  A5 FB      3           LDA __zpR
0BC4  05 FC      3           ORA __zpR+1
0BC6  D0 05      2/3/4       BNE __rt_pu_digloop_init
0BC8  A9 30      2           LDA #48
0BCA  4C 0B 0B   3           JMP __rt_putc
0BCD  A5 FB      3           LDA __zpR
0BCF  85 FD      3           STA __zpR2
0BD1  A5 FC      3           LDA __zpR+1
0BD3  85 FE      3           STA __zpR2+1
0BD5  A9 0A      2           LDA #10
0BD7  85 FB      3           STA __zpR
0BD9  A9 00      2           LDA #0
0BDB  85 FC      3           STA __zpR+1
0BDD  20 C4 08   6           JSR __rt_udiv16
0BE0  AE 2D 08   4           LDX __rt_pi_ndig
0BE3  AD 2A 08   4           LDA __zpT0
0BE6  9D 2E 08   5           STA __rt_pbuf,X
0BE9  EE 2D 08   6           INC __rt_pi_ndig
0BEC  A5 FD      3           LDA __zpR2
0BEE  05 FE      3           ORA __zpR2+1
0BF0  D0 EB      2/3/4       BNE __rt_pu_digloop
0BF2  CE 2D 08   6           DEC __rt_pi_ndig
0BF5  AE 2D 08   4           LDX __rt_pi_ndig
0BF8  BD 2E 08   4/5         LDA __rt_pbuf,X
0BFB  18         2           CLC
0BFC  69 30      2           ADC #48
0BFE  20 0B 0B   6           JSR __rt_putc
0C01  AD 2D 08   4           LDA __rt_pi_ndig
0C04  D0 EC      2/3/4       BNE __rt_pu_printloop
0C06  60         6           RTS
0C13  AD 26 08   4           LDA __rt_csp
0C16  85 02      3           STA __zpAP
0C18  AD 27 08   4           LDA __rt_csp+1
0C1B  85 03      3           STA __zpAP+1
0C1D  A0 00      2           LDY #0
0C1F  B9 07 0C   4/5         LDA __fn_print_int_frame,Y
0C22  91 02      6           STA (__zpAP),Y
0C24  C8         2           INY
0C25  C0 0C      2           CPY #12
0C27  D0 F6      2/3/4       BNE __fn_print_int_pushfr_loop
0C29  18         2           CLC
0C2A  AD 26 08   4           LDA __rt_csp
0C2D  69 0C      2           ADC #12
0C2F  8D 26 08   4           STA __rt_csp
0C32  AD 27 08   4           LDA __rt_csp+1
0C35  69 00      2           ADC #0
0C37  8D 27 08   4           STA __rt_csp+1
0C3A  4C 6B 08   3           JMP __rt_cstack_check
0C3D  38         2           SEC
0C3E  AD 26 08   4           LDA __rt_csp
0C41  E9 0C      2           SBC #12
0C43  8D 26 08   4           STA __rt_csp
0C46  85 02      3           STA __zpAP
0C48  AD 27 08   4           LDA __rt_csp+1
0C4B  E9 00      2           SBC #0
0C4D  8D 27 08   4           STA __rt_csp+1
0C50  85 03      3           STA __zpAP+1
0C52  A0 00      2           LDY #0
0C54  B1 02      5/6         LDA (__zpAP),Y
0C56  99 07 0C   5           STA __fn_print_int_frame,Y
0C59  C8         2           INY
0C5A  C0 0C      2           CPY #12
0C5C  D0 F6      2/3/4       BNE __fn_print_int_popfr_loop
0C5E  60         6           RTS
0C5F  A9 00      2           LDA #<0
0C61  85 FB      3           STA __zpR
0C63  A9 00      2           LDA #>0
0C65  85 FC      3           STA __zpR+1
0C67  A5 FB      3           LDA __zpR
0C69  8D 11 0C   4           STA __fn_print_int_v_neg
0C6C  A5 FC      3           LDA __zpR+1
0C6E  8D 12 0C   4           STA __fn_print_int_v_neg+1
0C71  AD 07 0C   4           LDA __fn_print_int_v_n
0C74  85 FB      3           STA __zpR
0C76  AD 08 0C   4           LDA __fn_print_int_v_n+1
0C79  85 FC      3           STA __zpR+1
0C7B  20 35 08   6           JSR __rt_push
0C7E  A9 00      2           LDA #<0
0C80  85 FB      3           STA __zpR
0C82  A9 00      2           LDA #>0
0C84  85 FC      3           STA __zpR+1
0C86  20 58 08   6           JSR __rt_pop2
0C89  20 AC 09   6           JSR __rt_lt16
0C8C  A5 FB      3           LDA __zpR
0C8E  05 FC      3           ORA __zpR+1
0C90  D0 03      2/3/4       BNE __L2
0C92  4C CC 0C   3           JMP __L0
0C95  A9 01      2           LDA #<1
0C97  85 FB      3           STA __zpR
0C99  A9 00      2           LDA #>1
0C9B  85 FC      3           STA __zpR+1
0C9D  A5 FB      3           LDA __zpR
0C9F  8D 11 0C   4           STA __fn_print_int_v_neg
0CA2  A5 FC      3           LDA __zpR+1
0CA4  8D 12 0C   4           STA __fn_print_int_v_neg+1
0CA7  AD 07 0C   4           LDA __fn_print_int_v_n
0CAA  85 FB      3           STA __zpR
0CAC  AD 08 0C   4           LDA __fn_print_int_v_n+1
0CAF  85 FC      3           STA __zpR+1
0CB1  38         2           SEC
0CB2  A9 00      2           LDA #0
0CB4  E5 FB      3           SBC __zpR
0CB6  AA         2           TAX
0CB7  A9 00      2           LDA #0
0CB9  E5 FC      3           SBC __zpR+1
0CBB  85 FC      3           STA __zpR+1
0CBD  86 FB      3           STX __zpR
0CBF  A5 FB      3           LDA __zpR
0CC1  8D 07 0C   4           STA __fn_print_int_v_n
0CC4  A5 FC      3           LDA __zpR+1
0CC6  8D 08 0C   4           STA __fn_print_int_v_n+1
0CC9  4C CC 0C   3           JMP __L1
0CCC  AD 07 0C   4           LDA __fn_print_int_v_n
0CCF  85 FB      3           STA __zpR
0CD1  AD 08 0C   4           LDA __fn_print_int_v_n+1
0CD4  85 FC      3           STA __zpR+1
0CD6  20 35 08   6           JSR __rt_push
0CD9  A9 00      2           LDA #<0
0CDB  85 FB      3           STA __zpR
0CDD  A9 00      2           LDA #>0
0CDF  85 FC      3           STA __zpR+1
0CE1  20 58 08   6           JSR __rt_pop2
0CE4  20 58 09   6           JSR __rt_eq16
0CE7  A5 FB      3           LDA __zpR
0CE9  05 FC      3           ORA __zpR+1
0CEB  D0 03      2/3/4       BNE __L5
0CED  4C 04 0D   3           JMP __L3
0CF0  A9 30      2           LDA #<48
0CF2  85 FB      3           STA __zpR
0CF4  A9 00      2           LDA #>48
0CF6  85 FC      3           STA __zpR+1
0CF8  20 4A 0A   6           JSR __rt_topetscii
0CFB  A5 FB      3           LDA __zpR
0CFD  20 D2 FF   6           JSR __CHROUT
0D00  60         6           RTS
0D01  4C 04 0D   3           JMP __L4
0D04  A9 00      2           LDA #<0
0D06  85 FB      3           STA __zpR
0D08  A9 00      2           LDA #>0
0D0A  85 FC      3           STA __zpR+1
0D0C  A5 FB      3           LDA __zpR
0D0E  8D 0F 0C   4           STA __fn_print_int_v_i
0D11  A5 FC      3           LDA __zpR+1
0D13  8D 10 0C   4           STA __fn_print_int_v_i+1
0D16  AD 07 0C   4           LDA __fn_print_int_v_n
0D19  85 FB      3           STA __zpR
0D1B  AD 08 0C   4           LDA __fn_print_int_v_n+1
0D1E  85 FC      3           STA __zpR+1
0D20  20 35 08   6           JSR __rt_push
0D23  A9 00      2           LDA #<0
0D25  85 FB      3           STA __zpR
0D27  A9 00      2           LDA #>0
0D29  85 FC      3           STA __zpR+1
0D2B  20 58 08   6           JSR __rt_pop2
0D2E  20 D6 09   6           JSR __rt_gt16
0D31  A5 FB      3           LDA __zpR
0D33  05 FC      3           ORA __zpR+1
0D35  D0 03      2/3/4       BNE __L8
0D37  4C F1 0D   3           JMP __L7
0D3A  AD 0F 0C   4           LDA __fn_print_int_v_i
0D3D  85 FB      3           STA __zpR
0D3F  AD 10 0C   4           LDA __fn_print_int_v_i+1
0D42  85 FC      3           STA __zpR+1
0D44  18         2           CLC
0D45  A5 FB      3           LDA __zpR
0D47  69 09      2           ADC #<__fn_print_int_v_buf
0D49  85 02      3           STA __zpAP
0D4B  A5 FC      3           LDA __zpR+1
0D4D  69 0C      2           ADC #>__fn_print_int_v_buf
0D4F  85 03      3           STA __zpAP+1
0D51  A5 02      3           LDA __zpAP
0D53  85 FB      3           STA __zpR
0D55  A5 03      3           LDA __zpAP+1
0D57  85 FC      3           STA __zpR+1
0D59  20 35 08   6           JSR __rt_push
0D5C  AD 07 0C   4           LDA __fn_print_int_v_n
0D5F  85 FB      3           STA __zpR
0D61  AD 08 0C   4           LDA __fn_print_int_v_n+1
0D64  85 FC      3           STA __zpR+1
0D66  20 35 08   6           JSR __rt_push
0D69  A9 0A      2           LDA #<10
0D6B  85 FB      3           STA __zpR
0D6D  A9 00      2           LDA #>10
0D6F  85 FC      3           STA __zpR+1
0D71  20 58 08   6           JSR __rt_pop2
0D74  20 23 09   6           JSR __rt_sdivmod16
0D77  AD 2A 08   4           LDA __zpT0
0D7A  85 FB      3           STA __zpR
0D7C  AD 2B 08   4           LDA __zpT0+1
0D7F  85 FC      3           STA __zpR+1
0D81  20 58 08   6           JSR __rt_pop2
0D84  A5 FD      3           LDA __zpR2
0D86  85 02      3           STA __zpAP
0D88  A5 FE      3           LDA __zpR2+1
0D8A  85 03      3           STA __zpAP+1
0D8C  A0 00      2           LDY #0
0D8E  A5 FB      3           LDA __zpR
0D90  91 02      6           STA (__zpAP),Y
0D92  AD 07 0C   4           LDA __fn_print_int_v_n
0D95  85 FB      3           STA __zpR
0D97  AD 08 0C   4           LDA __fn_print_int_v_n+1
0D9A  85 FC      3           STA __zpR+1
0D9C  20 35 08   6           JSR __rt_push
0D9F  A9 0A      2           LDA #<10
0DA1  85 FB      3           STA __zpR
0DA3  A9 00      2           LDA #>10
0DA5  85 FC      3           STA __zpR+1
0DA7  20 58 08   6           JSR __rt_pop2
0DAA  20 23 09   6           JSR __rt_sdivmod16
0DAD  A5 FD      3           LDA __zpR2
0DAF  85 FB      3           STA __zpR
0DB1  A5 FE      3           LDA __zpR2+1
0DB3  85 FC      3           STA __zpR+1
0DB5  A5 FB      3           LDA __zpR
0DB7  8D 07 0C   4           STA __fn_print_int_v_n
0DBA  A5 FC      3           LDA __zpR+1
0DBC  8D 08 0C   4           STA __fn_print_int_v_n+1
0DBF  AD 0F 0C   4           LDA __fn_print_int_v_i
0DC2  85 FB      3           STA __zpR
0DC4  AD 10 0C   4           LDA __fn_print_int_v_i+1
0DC7  85 FC      3           STA __zpR+1
0DC9  20 35 08   6           JSR __rt_push
0DCC  A9 01      2           LDA #<1
0DCE  85 FB      3           STA __zpR
0DD0  A9 00      2           LDA #>1
0DD2  85 FC      3           STA __zpR+1
0DD4  20 58 08   6           JSR __rt_pop2
0DD7  18         2           CLC
0DD8  A5 FD      3           LDA __zpR2
0DDA  65 FB      3           ADC __zpR
0DDC  85 FB      3           STA __zpR
0DDE  A5 FE      3           LDA __zpR2+1
0DE0  65 FC      3           ADC __zpR+1
0DE2  85 FC      3           STA __zpR+1
0DE4  A5 FB      3           LDA __zpR
0DE6  8D 0F 0C   4           STA __fn_print_int_v_i
0DE9  A5 FC      3           LDA __zpR+1
0DEB  8D 10 0C   4           STA __fn_print_int_v_i+1
0DEE  4C 16 0D   3           JMP __L6
0DF1  AD 11 0C   4           LDA __fn_print_int_v_neg
0DF4  85 FB      3           STA __zpR
0DF6  AD 12 0C   4           LDA __fn_print_int_v_neg+1
0DF9  85 FC      3           STA __zpR+1
0DFB  A5 FB      3           LDA __zpR
0DFD  05 FC      3           ORA __zpR+1
0DFF  D0 03      2/3/4       BNE __L11
0E01  4C 17 0E   3           JMP __L9
0E04  A9 2D      2           LDA #<45
0E06  85 FB      3           STA __zpR
0E08  A9 00      2           LDA #>45
0E0A  85 FC      3           STA __zpR+1
0E0C  20 4A 0A   6           JSR __rt_topetscii
0E0F  A5 FB      3           LDA __zpR
0E11  20 D2 FF   6           JSR __CHROUT
0E14  4C 17 0E   3           JMP __L10
0E17  AD 0F 0C   4           LDA __fn_print_int_v_i
0E1A  85 FB      3           STA __zpR
0E1C  AD 10 0C   4           LDA __fn_print_int_v_i+1
0E1F  85 FC      3           STA __zpR+1
0E21  20 35 08   6           JSR __rt_push
0E24  A9 00      2           LDA #<0
0E26  85 FB      3           STA __zpR
0E28  A9 00      2           LDA #>0
0E2A  85 FC      3           STA __zpR+1
0E2C  20 58 08   6           JSR __rt_pop2
0E2F  20 D6 09   6           JSR __rt_gt16
0E32  A5 FB      3           LDA __zpR
0E34  05 FC      3           ORA __zpR+1
0E36  D0 03      2/3/4       BNE __L14
0E38  4C B5 0E   3           JMP __L13
0E3B  AD 0F 0C   4           LDA __fn_print_int_v_i
0E3E  85 FB      3           STA __zpR
0E40  AD 10 0C   4           LDA __fn_print_int_v_i+1
0E43  85 FC      3           STA __zpR+1
0E45  20 35 08   6           JSR __rt_push
0E48  A9 01      2           LDA #<1
0E4A  85 FB      3           STA __zpR
0E4C  A9 00      2           LDA #>1
0E4E  85 FC      3           STA __zpR+1
0E50  20 58 08   6           JSR __rt_pop2
0E53  38         2           SEC
0E54  A5 FD      3           LDA __zpR2
0E56  E5 FB      3           SBC __zpR
0E58  85 FD      3           STA __zpR2
0E5A  A5 FE      3           LDA __zpR2+1
0E5C  E5 FC      3           SBC __zpR+1
0E5E  85 FC      3           STA __zpR+1
0E60  A5 FD      3           LDA __zpR2
0E62  85 FB      3           STA __zpR
0E64  A5 FB      3           LDA __zpR
0E66  8D 0F 0C   4           STA __fn_print_int_v_i
0E69  A5 FC      3           LDA __zpR+1
0E6B  8D 10 0C   4           STA __fn_print_int_v_i+1
0E6E  AD 0F 0C   4           LDA __fn_print_int_v_i
0E71  85 FB      3           STA __zpR
0E73  AD 10 0C   4           LDA __fn_print_int_v_i+1
0E76  85 FC      3           STA __zpR+1
0E78  18         2           CLC
0E79  A5 FB      3           LDA __zpR
0E7B  69 09      2           ADC #<__fn_print_int_v_buf
0E7D  85 02      3           STA __zpAP
0E7F  A5 FC      3           LDA __zpR+1
0E81  69 0C      2           ADC #>__fn_print_int_v_buf
0E83  85 03      3           STA __zpAP+1
0E85  A0 00      2           LDY #0
0E87  B1 02      5/6         LDA (__zpAP),Y
0E89  85 FB      3           STA __zpR
0E8B  A9 00      2           LDA #0
0E8D  85 FC      3           STA __zpR+1
0E8F  20 35 08   6           JSR __rt_push
0E92  A9 30      2           LDA #<48
0E94  85 FB      3           STA __zpR
0E96  A9 00      2           LDA #>48
0E98  85 FC      3           STA __zpR+1
0E9A  20 58 08   6           JSR __rt_pop2
0E9D  18         2           CLC
0E9E  A5 FD      3           LDA __zpR2
0EA0  65 FB      3           ADC __zpR
0EA2  85 FB      3           STA __zpR
0EA4  A5 FE      3           LDA __zpR2+1
0EA6  65 FC      3           ADC __zpR+1
0EA8  85 FC      3           STA __zpR+1
0EAA  20 4A 0A   6           JSR __rt_topetscii
0EAD  A5 FB      3           LDA __zpR
0EAF  20 D2 FF   6           JSR __CHROUT
0EB2  4C 17 0E   3           JMP __L12
0EB5  60         6           RTS
0EC0  AD 26 08   4           LDA __rt_csp
0EC3  85 02      3           STA __zpAP
0EC5  AD 27 08   4           LDA __rt_csp+1
0EC8  85 03      3           STA __zpAP+1
0ECA  A0 00      2           LDY #0
0ECC  B9 B6 0E   4/5         LDA __fn_print_uint_frame,Y
0ECF  91 02      6           STA (__zpAP),Y
0ED1  C8         2           INY
0ED2  C0 0A      2           CPY #10
0ED4  D0 F6      2/3/4       BNE __fn_print_uint_pushfr_loop
0ED6  18         2           CLC
0ED7  AD 26 08   4           LDA __rt_csp
0EDA  69 0A      2           ADC #10
0EDC  8D 26 08   4           STA __rt_csp
0EDF  AD 27 08   4           LDA __rt_csp+1
0EE2  69 00      2           ADC #0
0EE4  8D 27 08   4           STA __rt_csp+1
0EE7  4C 6B 08   3           JMP __rt_cstack_check
0EEA  38         2           SEC
0EEB  AD 26 08   4           LDA __rt_csp
0EEE  E9 0A      2           SBC #10
0EF0  8D 26 08   4           STA __rt_csp
0EF3  85 02      3           STA __zpAP
0EF5  AD 27 08   4           LDA __rt_csp+1
0EF8  E9 00      2           SBC #0
0EFA  8D 27 08   4           STA __rt_csp+1
0EFD  85 03      3           STA __zpAP+1
0EFF  A0 00      2           LDY #0
0F01  B1 02      5/6         LDA (__zpAP),Y
0F03  99 B6 0E   5           STA __fn_print_uint_frame,Y
0F06  C8         2           INY
0F07  C0 0A      2           CPY #10
0F09  D0 F6      2/3/4       BNE __fn_print_uint_popfr_loop
0F0B  60         6           RTS
0F0C  AD B6 0E   4           LDA __fn_print_uint_v_n
0F0F  85 FB      3           STA __zpR
0F11  AD B7 0E   4           LDA __fn_print_uint_v_n+1
0F14  85 FC      3           STA __zpR+1
0F16  20 35 08   6           JSR __rt_push
0F19  A9 00      2           LDA #<0
0F1B  85 FB      3           STA __zpR
0F1D  A9 00      2           LDA #>0
0F1F  85 FC      3           STA __zpR+1
0F21  20 58 08   6           JSR __rt_pop2
0F24  20 58 09   6           JSR __rt_eq16
0F27  A5 FB      3           LDA __zpR
0F29  05 FC      3           ORA __zpR+1
0F2B  D0 03      2/3/4       BNE __L17
0F2D  4C 44 0F   3           JMP __L15
0F30  A9 30      2           LDA #<48
0F32  85 FB      3           STA __zpR
0F34  A9 00      2           LDA #>48
0F36  85 FC      3           STA __zpR+1
0F38  20 4A 0A   6           JSR __rt_topetscii
0F3B  A5 FB      3           LDA __zpR
0F3D  20 D2 FF   6           JSR __CHROUT
0F40  60         6           RTS
0F41  4C 44 0F   3           JMP __L16
0F44  A9 00      2           LDA #<0
0F46  85 FB      3           STA __zpR
0F48  A9 00      2           LDA #>0
0F4A  85 FC      3           STA __zpR+1
0F4C  A5 FB      3           LDA __zpR
0F4E  8D BE 0E   4           STA __fn_print_uint_v_i
0F51  A5 FC      3           LDA __zpR+1
0F53  8D BF 0E   4           STA __fn_print_uint_v_i+1
0F56  AD B6 0E   4           LDA __fn_print_uint_v_n
0F59  85 FB      3           STA __zpR
0F5B  AD B7 0E   4           LDA __fn_print_uint_v_n+1
0F5E  85 FC      3           STA __zpR+1
0F60  20 35 08   6           JSR __rt_push
0F63  A9 00      2           LDA #<0
0F65  85 FB      3           STA __zpR
0F67  A9 00      2           LDA #>0
0F69  85 FC      3           STA __zpR+1
0F6B  20 58 08   6           JSR __rt_pop2
0F6E  20 88 0A   6           JSR __rt_ugt16
0F71  A5 FB      3           LDA __zpR
0F73  05 FC      3           ORA __zpR+1
0F75  D0 03      2/3/4       BNE __L20
0F77  4C 31 10   3           JMP __L19
0F7A  AD BE 0E   4           LDA __fn_print_uint_v_i
0F7D  85 FB      3           STA __zpR
0F7F  AD BF 0E   4           LDA __fn_print_uint_v_i+1
0F82  85 FC      3           STA __zpR+1
0F84  18         2           CLC
0F85  A5 FB      3           LDA __zpR
0F87  69 B8      2           ADC #<__fn_print_uint_v_buf
0F89  85 02      3           STA __zpAP
0F8B  A5 FC      3           LDA __zpR+1
0F8D  69 0E      2           ADC #>__fn_print_uint_v_buf
0F8F  85 03      3           STA __zpAP+1
0F91  A5 02      3           LDA __zpAP
0F93  85 FB      3           STA __zpR
0F95  A5 03      3           LDA __zpAP+1
0F97  85 FC      3           STA __zpR+1
0F99  20 35 08   6           JSR __rt_push
0F9C  AD B6 0E   4           LDA __fn_print_uint_v_n
0F9F  85 FB      3           STA __zpR
0FA1  AD B7 0E   4           LDA __fn_print_uint_v_n+1
0FA4  85 FC      3           STA __zpR+1
0FA6  20 35 08   6           JSR __rt_push
0FA9  A9 0A      2           LDA #<10
0FAB  85 FB      3           STA __zpR
0FAD  A9 00      2           LDA #>10
0FAF  85 FC      3           STA __zpR+1
0FB1  20 58 08   6           JSR __rt_pop2
0FB4  20 C4 08   6           JSR __rt_udiv16
0FB7  AD 2A 08   4           LDA __zpT0
0FBA  85 FB      3           STA __zpR
0FBC  AD 2B 08   4           LDA __zpT0+1
0FBF  85 FC      3           STA __zpR+1
0FC1  20 58 08   6           JSR __rt_pop2
0FC4  A5 FD      3           LDA __zpR2
0FC6  85 02      3           STA __zpAP
0FC8  A5 FE      3           LDA __zpR2+1
0FCA  85 03      3           STA __zpAP+1
0FCC  A0 00      2           LDY #0
0FCE  A5 FB      3           LDA __zpR
0FD0  91 02      6           STA (__zpAP),Y
0FD2  AD B6 0E   4           LDA __fn_print_uint_v_n
0FD5  85 FB      3           STA __zpR
0FD7  AD B7 0E   4           LDA __fn_print_uint_v_n+1
0FDA  85 FC      3           STA __zpR+1
0FDC  20 35 08   6           JSR __rt_push
0FDF  A9 0A      2           LDA #<10
0FE1  85 FB      3           STA __zpR
0FE3  A9 00      2           LDA #>10
0FE5  85 FC      3           STA __zpR+1
0FE7  20 58 08   6           JSR __rt_pop2
0FEA  20 C4 08   6           JSR __rt_udiv16
0FED  A5 FD      3           LDA __zpR2
0FEF  85 FB      3           STA __zpR
0FF1  A5 FE      3           LDA __zpR2+1
0FF3  85 FC      3           STA __zpR+1
0FF5  A5 FB      3           LDA __zpR
0FF7  8D B6 0E   4           STA __fn_print_uint_v_n
0FFA  A5 FC      3           LDA __zpR+1
0FFC  8D B7 0E   4           STA __fn_print_uint_v_n+1
0FFF  AD BE 0E   4           LDA __fn_print_uint_v_i
1002  85 FB      3           STA __zpR
1004  AD BF 0E   4           LDA __fn_print_uint_v_i+1
1007  85 FC      3           STA __zpR+1
1009  20 35 08   6           JSR __rt_push
100C  A9 01      2           LDA #<1
100E  85 FB      3           STA __zpR
1010  A9 00      2           LDA #>1
1012  85 FC      3           STA __zpR+1
1014  20 58 08   6           JSR __rt_pop2
1017  18         2           CLC
1018  A5 FD      3           LDA __zpR2
101A  65 FB      3           ADC __zpR
101C  85 FB      3           STA __zpR
101E  A5 FE      3           LDA __zpR2+1
1020  65 FC      3           ADC __zpR+1
1022  85 FC      3           STA __zpR+1
1024  A5 FB      3           LDA __zpR
1026  8D BE 0E   4           STA __fn_print_uint_v_i
1029  A5 FC      3           LDA __zpR+1
102B  8D BF 0E   4           STA __fn_print_uint_v_i+1
102E  4C 56 0F   3           JMP __L18
1031  AD BE 0E   4           LDA __fn_print_uint_v_i
1034  85 FB      3           STA __zpR
1036  AD BF 0E   4           LDA __fn_print_uint_v_i+1
1039  85 FC      3           STA __zpR+1
103B  20 35 08   6           JSR __rt_push
103E  A9 00      2           LDA #<0
1040  85 FB      3           STA __zpR
1042  A9 00      2           LDA #>0
1044  85 FC      3           STA __zpR+1
1046  20 58 08   6           JSR __rt_pop2
1049  20 D6 09   6           JSR __rt_gt16
104C  A5 FB      3           LDA __zpR
104E  05 FC      3           ORA __zpR+1
1050  D0 03      2/3/4       BNE __L23
1052  4C CF 10   3           JMP __L22
1055  AD BE 0E   4           LDA __fn_print_uint_v_i
1058  85 FB      3           STA __zpR
105A  AD BF 0E   4           LDA __fn_print_uint_v_i+1
105D  85 FC      3           STA __zpR+1
105F  20 35 08   6           JSR __rt_push
1062  A9 01      2           LDA #<1
1064  85 FB      3           STA __zpR
1066  A9 00      2           LDA #>1
1068  85 FC      3           STA __zpR+1
106A  20 58 08   6           JSR __rt_pop2
106D  38         2           SEC
106E  A5 FD      3           LDA __zpR2
1070  E5 FB      3           SBC __zpR
1072  85 FD      3           STA __zpR2
1074  A5 FE      3           LDA __zpR2+1
1076  E5 FC      3           SBC __zpR+1
1078  85 FC      3           STA __zpR+1
107A  A5 FD      3           LDA __zpR2
107C  85 FB      3           STA __zpR
107E  A5 FB      3           LDA __zpR
1080  8D BE 0E   4           STA __fn_print_uint_v_i
1083  A5 FC      3           LDA __zpR+1
1085  8D BF 0E   4           STA __fn_print_uint_v_i+1
1088  AD BE 0E   4           LDA __fn_print_uint_v_i
108B  85 FB      3           STA __zpR
108D  AD BF 0E   4           LDA __fn_print_uint_v_i+1
1090  85 FC      3           STA __zpR+1
1092  18         2           CLC
1093  A5 FB      3           LDA __zpR
1095  69 B8      2           ADC #<__fn_print_uint_v_buf
1097  85 02      3           STA __zpAP
1099  A5 FC      3           LDA __zpR+1
109B  69 0E      2           ADC #>__fn_print_uint_v_buf
109D  85 03      3           STA __zpAP+1
109F  A0 00      2           LDY #0
10A1  B1 02      5/6         LDA (__zpAP),Y
10A3  85 FB      3           STA __zpR
10A5  A9 00      2           LDA #0
10A7  85 FC      3           STA __zpR+1
10A9  20 35 08   6           JSR __rt_push
10AC  A9 30      2           LDA #<48
10AE  85 FB      3           STA __zpR
10B0  A9 00      2           LDA #>48
10B2  85 FC      3           STA __zpR+1
10B4  20 58 08   6           JSR __rt_pop2
10B7  18         2           CLC
10B8  A5 FD      3           LDA __zpR2
10BA  65 FB      3           ADC __zpR
10BC  85 FB      3           STA __zpR
10BE  A5 FE      3           LDA __zpR2+1
10C0  65 FC      3           ADC __zpR+1
10C2  85 FC      3           STA __zpR+1
10C4  20 4A 0A   6           JSR __rt_topetscii
10C7  A5 FB      3           LDA __zpR
10C9  20 D2 FF   6           JSR __CHROUT
10CC  4C 31 10   3           JMP __L21
10CF  60         6           RTS
10D8  AD 26 08   4           LDA __rt_csp
10DB  85 02      3           STA __zpAP
10DD  AD 27 08   4           LDA __rt_csp+1
10E0  85 03      3           STA __zpAP+1
10E2  A0 00      2           LDY #0
10E4  B9 D0 10   4/5         LDA __fn_print_hex_frame,Y
10E7  91 02      6           STA (__zpAP),Y
10E9  C8         2           INY
10EA  C0 08      2           CPY #8
10EC  D0 F6      2/3/4       BNE __fn_print_hex_pushfr_loop
10EE  18         2           CLC
10EF  AD 26 08   4           LDA __rt_csp
10F2  69 08      2           ADC #8
10F4  8D 26 08   4           STA __rt_csp
10F7  AD 27 08   4           LDA __rt_csp+1
10FA  69 00      2           ADC #0
10FC  8D 27 08   4           STA __rt_csp+1
10FF  4C 6B 08   3           JMP __rt_cstack_check
1102  38         2           SEC
1103  AD 26 08   4           LDA __rt_csp
1106  E9 08      2           SBC #8
1108  8D 26 08   4           STA __rt_csp
110B  85 02      3           STA __zpAP
110D  AD 27 08   4           LDA __rt_csp+1
1110  E9 00      2           SBC #0
1112  8D 27 08   4           STA __rt_csp+1
1115  85 03      3           STA __zpAP+1
1117  A0 00      2           LDY #0
1119  B1 02      5/6         LDA (__zpAP),Y
111B  99 D0 10   5           STA __fn_print_hex_frame,Y
111E  C8         2           INY
111F  C0 08      2           CPY #8
1121  D0 F6      2/3/4       BNE __fn_print_hex_popfr_loop
1123  60         6           RTS
1124  A9 03      2           LDA #<3
1126  85 FB      3           STA __zpR
1128  A9 00      2           LDA #>3
112A  85 FC      3           STA __zpR+1
112C  A5 FB      3           LDA __zpR
112E  8D D2 10   4           STA __fn_print_hex_v_i
1131  A5 FC      3           LDA __zpR+1
1133  8D D3 10   4           STA __fn_print_hex_v_i+1
1136  AD D2 10   4           LDA __fn_print_hex_v_i
1139  85 FB      3           STA __zpR
113B  AD D3 10   4           LDA __fn_print_hex_v_i+1
113E  85 FC      3           STA __zpR+1
1140  20 35 08   6           JSR __rt_push
1143  A9 00      2           LDA #<0
1145  85 FB      3           STA __zpR
1147  A9 00      2           LDA #>0
1149  85 FC      3           STA __zpR+1
114B  20 58 08   6           JSR __rt_pop2
114E  20 C1 09   6           JSR __rt_ge16
1151  A5 FB      3           LDA __zpR
1153  05 FC      3           ORA __zpR+1
1155  D0 03      2/3/4       BNE __L27
1157  4C 96 12   3           JMP __L25
115A  AD D2 10   4           LDA __fn_print_hex_v_i
115D  85 FB      3           STA __zpR
115F  AD D3 10   4           LDA __fn_print_hex_v_i+1
1162  85 FC      3           STA __zpR+1
1164  20 35 08   6           JSR __rt_push
1167  A9 04      2           LDA #<4
1169  85 FB      3           STA __zpR
116B  A9 00      2           LDA #>4
116D  85 FC      3           STA __zpR+1
116F  20 58 08   6           JSR __rt_pop2
1172  20 91 08   6           JSR __rt_mul16
1175  A5 FB      3           LDA __zpR
1177  8D D4 10   4           STA __fn_print_hex_v_shift
117A  A5 FC      3           LDA __zpR+1
117C  8D D5 10   4           STA __fn_print_hex_v_shift+1
117F  AD D0 10   4           LDA __fn_print_hex_v_n
1182  85 FB      3           STA __zpR
1184  AD D1 10   4           LDA __fn_print_hex_v_n+1
1187  85 FC      3           STA __zpR+1
1189  20 35 08   6           JSR __rt_push
118C  AD D4 10   4           LDA __fn_print_hex_v_shift
118F  85 FB      3           STA __zpR
1191  AD D5 10   4           LDA __fn_print_hex_v_shift+1
1194  85 FC      3           STA __zpR+1
1196  20 58 08   6           JSR __rt_pop2
1199  20 17 0A   6           JSR __rt_shr16
119C  20 35 08   6           JSR __rt_push
119F  A9 0F      2           LDA #<15
11A1  85 FB      3           STA __zpR
11A3  A9 00      2           LDA #>15
11A5  85 FC      3           STA __zpR+1
11A7  20 58 08   6           JSR __rt_pop2
11AA  A5 FD      3           LDA __zpR2
11AC  25 FB      3           AND __zpR
11AE  85 FB      3           STA __zpR
11B0  A5 FE      3           LDA __zpR2+1
11B2  25 FC      3           AND __zpR+1
11B4  85 FC      3           STA __zpR+1
11B6  A5 FB      3           LDA __zpR
11B8  8D D6 10   4           STA __fn_print_hex_v_digit
11BB  A5 FC      3           LDA __zpR+1
11BD  8D D7 10   4           STA __fn_print_hex_v_digit+1
11C0  AD D6 10   4           LDA __fn_print_hex_v_digit
11C3  85 FB      3           STA __zpR
11C5  AD D7 10   4           LDA __fn_print_hex_v_digit+1
11C8  85 FC      3           STA __zpR+1
11CA  20 35 08   6           JSR __rt_push
11CD  A9 0A      2           LDA #<10
11CF  85 FB      3           STA __zpR
11D1  A9 00      2           LDA #>10
11D3  85 FC      3           STA __zpR+1
11D5  20 58 08   6           JSR __rt_pop2
11D8  20 AC 09   6           JSR __rt_lt16
11DB  A5 FB      3           LDA __zpR
11DD  05 FC      3           ORA __zpR+1
11DF  D0 03      2/3/4       BNE __L30
11E1  4C 14 12   3           JMP __L28
11E4  AD D6 10   4           LDA __fn_print_hex_v_digit
11E7  85 FB      3           STA __zpR
11E9  AD D7 10   4           LDA __fn_print_hex_v_digit+1
11EC  85 FC      3           STA __zpR+1
11EE  20 35 08   6           JSR __rt_push
11F1  A9 30      2           LDA #<48
11F3  85 FB      3           STA __zpR
11F5  A9 00      2           LDA #>48
11F7  85 FC      3           STA __zpR+1
11F9  20 58 08   6           JSR __rt_pop2
11FC  18         2           CLC
11FD  A5 FD      3           LDA __zpR2
11FF  65 FB      3           ADC __zpR
1201  85 FB      3           STA __zpR
1203  A5 FE      3           LDA __zpR2+1
1205  65 FC      3           ADC __zpR+1
1207  85 FC      3           STA __zpR+1
1209  20 4A 0A   6           JSR __rt_topetscii
120C  A5 FB      3           LDA __zpR
120E  20 D2 FF   6           JSR __CHROUT
1211  4C 60 12   3           JMP __L29
1214  AD D6 10   4           LDA __fn_print_hex_v_digit
1217  85 FB      3           STA __zpR
1219  AD D7 10   4           LDA __fn_print_hex_v_digit+1
121C  85 FC      3           STA __zpR+1
121E  20 35 08   6           JSR __rt_push
1221  A9 0A      2           LDA #<10
1223  85 FB      3           STA __zpR
1225  A9 00      2           LDA #>10
1227  85 FC      3           STA __zpR+1
1229  20 58 08   6           JSR __rt_pop2
122C  38         2           SEC
122D  A5 FD      3           LDA __zpR2
122F  E5 FB      3           SBC __zpR
1231  85 FD      3           STA __zpR2
1233  A5 FE      3           LDA __zpR2+1
1235  E5 FC      3           SBC __zpR+1
1237  85 FC      3           STA __zpR+1
1239  A5 FD      3           LDA __zpR2
123B  85 FB      3           STA __zpR
123D  20 35 08   6           JSR __rt_push
1240  A9 41      2           LDA #<65
1242  85 FB      3           STA __zpR
1244  A9 00      2           LDA #>65
1246  85 FC      3           STA __zpR+1
1248  20 58 08   6           JSR __rt_pop2
124B  18         2           CLC
124C  A5 FD      3           LDA __zpR2
124E  65 FB      3           ADC __zpR
1250  85 FB      3           STA __zpR
1252  A5 FE      3           LDA __zpR2+1
1254  65 FC      3           ADC __zpR+1
1256  85 FC      3           STA __zpR+1
1258  20 4A 0A   6           JSR __rt_topetscii
125B  A5 FB      3           LDA __zpR
125D  20 D2 FF   6           JSR __CHROUT
1260  AD D2 10   4           LDA __fn_print_hex_v_i
1263  85 FB      3           STA __zpR
1265  AD D3 10   4           LDA __fn_print_hex_v_i+1
1268  85 FC      3           STA __zpR+1
126A  20 35 08   6           JSR __rt_push
126D  A9 01      2           LDA #<1
126F  85 FB      3           STA __zpR
1271  A9 00      2           LDA #>1
1273  85 FC      3           STA __zpR+1
1275  20 58 08   6           JSR __rt_pop2
1278  38         2           SEC
1279  A5 FD      3           LDA __zpR2
127B  E5 FB      3           SBC __zpR
127D  85 FD      3           STA __zpR2
127F  A5 FE      3           LDA __zpR2+1
1281  E5 FC      3           SBC __zpR+1
1283  85 FC      3           STA __zpR+1
1285  A5 FD      3           LDA __zpR2
1287  85 FB      3           STA __zpR
1289  A5 FB      3           LDA __zpR
128B  8D D2 10   4           STA __fn_print_hex_v_i
128E  A5 FC      3           LDA __zpR+1
1290  8D D3 10   4           STA __fn_print_hex_v_i+1
1293  4C 36 11   3           JMP __L24
1296  60         6           RTS
1297  60         6           RTS
1298  60         6           RTS
1299  A9 0D      2           LDA #<13
129B  85 FB      3           STA __zpR
129D  A9 00      2           LDA #>13
129F  85 FC      3           STA __zpR+1
12A1  20 4A 0A   6           JSR __rt_topetscii
12A4  A5 FB      3           LDA __zpR
12A6  20 D2 FF   6           JSR __CHROUT
12A9  60         6           RTS
12AA  60         6           RTS
12AB  60         6           RTS
12AC  A9 0F      2           LDA #<__str_2
12AE  85 FB      3           STA __zpR
12B0  A9 17      2           LDA #>__str_2
12B2  85 FC      3           STA __zpR+1
12B4  20 E2 0A   6           JSR __rt_puts
12B7  A9 17      2           LDA #<__str_3
12B9  85 FB      3           STA __zpR
12BB  A9 17      2           LDA #>__str_3
12BD  85 FC      3           STA __zpR+1
12BF  20 E2 0A   6           JSR __rt_puts
12C2  A9 1D      2           LDA #<__str_4
12C4  85 FB      3           STA __zpR
12C6  A9 17      2           LDA #>__str_4
12C8  85 FC      3           STA __zpR+1
12CA  20 E2 0A   6           JSR __rt_puts
12CD  A9 2A      2           LDA #<42
12CF  85 FB      3           STA __zpR
12D1  A9 00      2           LDA #>42
12D3  85 FC      3           STA __zpR+1
12D5  20 48 0B   6           JSR __rt_print_int16
12D8  A9 28      2           LDA #<__str_5
12DA  85 FB      3           STA __zpR
12DC  A9 17      2           LDA #>__str_5
12DE  85 FC      3           STA __zpR+1
12E0  20 E2 0A   6           JSR __rt_puts
12E3  60         6           RTS
12E4  60         6           RTS
12E5  60         6           RTS
12E6  A9 35      2           LDA #<__str_6
12E8  85 FB      3           STA __zpR
12EA  A9 17      2           LDA #>__str_6
12EC  85 FC      3           STA __zpR+1
12EE  20 E2 0A   6           JSR __rt_puts
12F1  A9 07      2           LDA #<7
12F3  85 FB      3           STA __zpR
12F5  A9 00      2           LDA #>7
12F7  85 FC      3           STA __zpR+1
12F9  20 48 0B   6           JSR __rt_print_int16
12FC  A9 38      2           LDA #<__str_7
12FE  85 FB      3           STA __zpR
1300  A9 17      2           LDA #>__str_7
1302  85 FC      3           STA __zpR+1
1304  20 E2 0A   6           JSR __rt_puts
1307  A9 FF      2           LDA #<255
1309  85 FB      3           STA __zpR
130B  A9 00      2           LDA #>255
130D  85 FC      3           STA __zpR+1
130F  20 15 0B   6           JSR __rt_print_hex16
1312  A9 3C      2           LDA #<__str_8
1314  85 FB      3           STA __zpR
1316  A9 17      2           LDA #>__str_8
1318  85 FC      3           STA __zpR+1
131A  20 E2 0A   6           JSR __rt_puts
131D  A9 41      2           LDA #<65
131F  85 FB      3           STA __zpR
1321  A9 00      2           LDA #>65
1323  85 FC      3           STA __zpR+1
1325  A5 FB      3           LDA __zpR
1327  20 0B 0B   6           JSR __rt_putc
132A  A9 40      2           LDA #<__str_9
132C  85 FB      3           STA __zpR
132E  A9 17      2           LDA #>__str_9
1330  85 FC      3           STA __zpR+1
1332  20 E2 0A   6           JSR __rt_puts
1335  A9 44      2           LDA #<__str_10
1337  85 FB      3           STA __zpR
1339  A9 17      2           LDA #>__str_10
133B  85 FC      3           STA __zpR+1
133D  20 E2 0A   6           JSR __rt_puts
1340  A9 48      2           LDA #<__str_11
1342  85 FB      3           STA __zpR
1344  A9 17      2           LDA #>__str_11
1346  85 FC      3           STA __zpR+1
1348  20 E2 0A   6           JSR __rt_puts
134B  60         6           RTS
134C  60         6           RTS
134D  60         6           RTS
134E  A9 01      2           LDA #<1
1350  85 FB      3           STA __zpR
1352  A9 00      2           LDA #>1
1354  85 FC      3           STA __zpR+1
1356  38         2           SEC
1357  A9 00      2           LDA #0
1359  E5 FB      3           SBC __zpR
135B  AA         2           TAX
135C  A9 00      2           LDA #0
135E  E5 FC      3           SBC __zpR+1
1360  85 FC      3           STA __zpR+1
1362  86 FB      3           STX __zpR
1364  20 48 0B   6           JSR __rt_print_int16
1367  A9 50      2           LDA #<__str_12
1369  85 FB      3           STA __zpR
136B  A9 17      2           LDA #>__str_12
136D  85 FC      3           STA __zpR+1
136F  20 E2 0A   6           JSR __rt_puts
1372  A9 39      2           LDA #<12345
1374  85 FB      3           STA __zpR
1376  A9 30      2           LDA #>12345
1378  85 FC      3           STA __zpR+1
137A  38         2           SEC
137B  A9 00      2           LDA #0
137D  E5 FB      3           SBC __zpR
137F  AA         2           TAX
1380  A9 00      2           LDA #0
1382  E5 FC      3           SBC __zpR+1
1384  85 FC      3           STA __zpR+1
1386  86 FB      3           STX __zpR
1388  20 48 0B   6           JSR __rt_print_int16
138B  A9 52      2           LDA #<__str_13
138D  85 FB      3           STA __zpR
138F  A9 17      2           LDA #>__str_13
1391  85 FC      3           STA __zpR+1
1393  20 E2 0A   6           JSR __rt_puts
1396  A9 00      2           LDA #<0
1398  85 FB      3           STA __zpR
139A  A9 00      2           LDA #>0
139C  85 FC      3           STA __zpR+1
139E  20 48 0B   6           JSR __rt_print_int16
13A1  A9 54      2           LDA #<__str_14
13A3  85 FB      3           STA __zpR
13A5  A9 17      2           LDA #>__str_14
13A7  85 FC      3           STA __zpR+1
13A9  20 E2 0A   6           JSR __rt_puts
13AC  60         6           RTS
13AD  60         6           RTS
13AE  60         6           RTS
13AF  A9 00      2           LDA #<0
13B1  85 FB      3           STA __zpR
13B3  A9 00      2           LDA #>0
13B5  85 FC      3           STA __zpR+1
13B7  20 15 0B   6           JSR __rt_print_hex16
13BA  A9 56      2           LDA #<__str_15
13BC  85 FB      3           STA __zpR
13BE  A9 17      2           LDA #>__str_15
13C0  85 FC      3           STA __zpR+1
13C2  20 E2 0A   6           JSR __rt_puts
13C5  A9 0F      2           LDA #<15
13C7  85 FB      3           STA __zpR
13C9  A9 00      2           LDA #>15
13CB  85 FC      3           STA __zpR+1
13CD  20 15 0B   6           JSR __rt_print_hex16
13D0  A9 58      2           LDA #<__str_16
13D2  85 FB      3           STA __zpR
13D4  A9 17      2           LDA #>__str_16
13D6  85 FC      3           STA __zpR+1
13D8  20 E2 0A   6           JSR __rt_puts
13DB  A9 00      2           LDA #<256
13DD  85 FB      3           STA __zpR
13DF  A9 01      2           LDA #>256
13E1  85 FC      3           STA __zpR+1
13E3  20 15 0B   6           JSR __rt_print_hex16
13E6  A9 5A      2           LDA #<__str_17
13E8  85 FB      3           STA __zpR
13EA  A9 17      2           LDA #>__str_17
13EC  85 FC      3           STA __zpR+1
13EE  20 E2 0A   6           JSR __rt_puts
13F1  A9 FF      2           LDA #<65535
13F3  85 FB      3           STA __zpR
13F5  A9 FF      2           LDA #>65535
13F7  85 FC      3           STA __zpR+1
13F9  20 15 0B   6           JSR __rt_print_hex16
13FC  A9 5C      2           LDA #<__str_18
13FE  85 FB      3           STA __zpR
1400  A9 17      2           LDA #>__str_18
1402  85 FC      3           STA __zpR+1
1404  20 E2 0A   6           JSR __rt_puts
1407  60         6           RTS
1408  60         6           RTS
1409  60         6           RTS
140A  A9 5E      2           LDA #<__str_19
140C  85 FB      3           STA __zpR
140E  A9 17      2           LDA #>__str_19
1410  85 FC      3           STA __zpR+1
1412  20 E2 0A   6           JSR __rt_puts
1415  60         6           RTS
1416  60         6           RTS
1417  60         6           RTS
1418  A9 63      2           LDA #<99
141A  85 FB      3           STA __zpR
141C  A9 00      2           LDA #>99
141E  85 FC      3           STA __zpR+1
1420  20 48 0B   6           JSR __rt_print_int16
1423  A9 72      2           LDA #<__str_20
1425  85 FB      3           STA __zpR
1427  A9 17      2           LDA #>__str_20
1429  85 FC      3           STA __zpR+1
142B  20 E2 0A   6           JSR __rt_puts
142E  60         6           RTS
1433  AD 26 08   4           LDA __rt_csp
1436  85 02      3           STA __zpAP
1438  AD 27 08   4           LDA __rt_csp+1
143B  85 03      3           STA __zpAP+1
143D  A0 00      2           LDY #0
143F  B9 2F 14   4/5         LDA __fn_test_expr_args_frame,Y
1442  91 02      6           STA (__zpAP),Y
1444  C8         2           INY
1445  C0 04      2           CPY #4
1447  D0 F6      2/3/4       BNE __fn_test_expr_args_pushfr_loop
1449  18         2           CLC
144A  AD 26 08   4           LDA __rt_csp
144D  69 04      2           ADC #4
144F  8D 26 08   4           STA __rt_csp
1452  AD 27 08   4           LDA __rt_csp+1
1455  69 00      2           ADC #0
1457  8D 27 08   4           STA __rt_csp+1
145A  4C 6B 08   3           JMP __rt_cstack_check
145D  38         2           SEC
145E  AD 26 08   4           LDA __rt_csp
1461  E9 04      2           SBC #4
1463  8D 26 08   4           STA __rt_csp
1466  85 02      3           STA __zpAP
1468  AD 27 08   4           LDA __rt_csp+1
146B  E9 00      2           SBC #0
146D  8D 27 08   4           STA __rt_csp+1
1470  85 03      3           STA __zpAP+1
1472  A0 00      2           LDY #0
1474  B1 02      5/6         LDA (__zpAP),Y
1476  99 2F 14   5           STA __fn_test_expr_args_frame,Y
1479  C8         2           INY
147A  C0 04      2           CPY #4
147C  D0 F6      2/3/4       BNE __fn_test_expr_args_popfr_loop
147E  60         6           RTS
147F  A9 03      2           LDA #<3
1481  85 FB      3           STA __zpR
1483  A9 00      2           LDA #>3
1485  85 FC      3           STA __zpR+1
1487  A5 FB      3           LDA __zpR
1489  8D 2F 14   4           STA __fn_test_expr_args_v_a
148C  A5 FC      3           LDA __zpR+1
148E  8D 30 14   4           STA __fn_test_expr_args_v_a+1
1491  A9 04      2           LDA #<4
1493  85 FB      3           STA __zpR
1495  A9 00      2           LDA #>4
1497  85 FC      3           STA __zpR+1
1499  A5 FB      3           LDA __zpR
149B  8D 31 14   4           STA __fn_test_expr_args_v_b
149E  A5 FC      3           LDA __zpR+1
14A0  8D 32 14   4           STA __fn_test_expr_args_v_b+1
14A3  AD 2F 14   4           LDA __fn_test_expr_args_v_a
14A6  85 FB      3           STA __zpR
14A8  AD 30 14   4           LDA __fn_test_expr_args_v_a+1
14AB  85 FC      3           STA __zpR+1
14AD  20 48 0B   6           JSR __rt_print_int16
14B0  A9 74      2           LDA #<__str_21
14B2  85 FB      3           STA __zpR
14B4  A9 17      2           LDA #>__str_21
14B6  85 FC      3           STA __zpR+1
14B8  20 E2 0A   6           JSR __rt_puts
14BB  AD 31 14   4           LDA __fn_test_expr_args_v_b
14BE  85 FB      3           STA __zpR
14C0  AD 32 14   4           LDA __fn_test_expr_args_v_b+1
14C3  85 FC      3           STA __zpR+1
14C5  20 48 0B   6           JSR __rt_print_int16
14C8  A9 78      2           LDA #<__str_22
14CA  85 FB      3           STA __zpR
14CC  A9 17      2           LDA #>__str_22
14CE  85 FC      3           STA __zpR+1
14D0  20 E2 0A   6           JSR __rt_puts
14D3  AD 2F 14   4           LDA __fn_test_expr_args_v_a
14D6  85 FB      3           STA __zpR
14D8  AD 30 14   4           LDA __fn_test_expr_args_v_a+1
14DB  85 FC      3           STA __zpR+1
14DD  20 35 08   6           JSR __rt_push
14E0  AD 31 14   4           LDA __fn_test_expr_args_v_b
14E3  85 FB      3           STA __zpR
14E5  AD 32 14   4           LDA __fn_test_expr_args_v_b+1
14E8  85 FC      3           STA __zpR+1
14EA  20 58 08   6           JSR __rt_pop2
14ED  18         2           CLC
14EE  A5 FD      3           LDA __zpR2
14F0  65 FB      3           ADC __zpR
14F2  85 FB      3           STA __zpR
14F4  A5 FE      3           LDA __zpR2+1
14F6  65 FC      3           ADC __zpR+1
14F8  85 FC      3           STA __zpR+1
14FA  20 48 0B   6           JSR __rt_print_int16
14FD  A9 7C      2           LDA #<__str_23
14FF  85 FB      3           STA __zpR
1501  A9 17      2           LDA #>__str_23
1503  85 FC      3           STA __zpR+1
1505  20 E2 0A   6           JSR __rt_puts
1508  60         6           RTS
1509  60         6           RTS
150A  60         6           RTS
150B  A9 7E      2           LDA #<__str_24
150D  85 FB      3           STA __zpR
150F  A9 17      2           LDA #>__str_24
1511  85 FC      3           STA __zpR+1
1513  20 E2 0A   6           JSR __rt_puts
1516  A9 05      2           LDA #<5
1518  85 FB      3           STA __zpR
151A  A9 00      2           LDA #>5
151C  85 FC      3           STA __zpR+1
151E  20 48 0B   6           JSR __rt_print_int16
1521  A9 89      2           LDA #<__str_25
1523  85 FB      3           STA __zpR
1525  A9 17      2           LDA #>__str_25
1527  85 FC      3           STA __zpR+1
1529  20 E2 0A   6           JSR __rt_puts
152C  60         6           RTS
152F  AD 26 08   4           LDA __rt_csp
1532  85 02      3           STA __zpAP
1534  AD 27 08   4           LDA __rt_csp+1
1537  85 03      3           STA __zpAP+1
1539  A0 00      2           LDY #0
153B  B9 2D 15   4/5         LDA __fn_test_char_arithmetic_frame,Y
153E  91 02      6           STA (__zpAP),Y
1540  C8         2           INY
1541  C0 02      2           CPY #2
1543  D0 F6      2/3/4       BNE __fn_test_char_arithmetic_pushfr_loop
1545  18         2           CLC
1546  AD 26 08   4           LDA __rt_csp
1549  69 02      2           ADC #2
154B  8D 26 08   4           STA __rt_csp
154E  AD 27 08   4           LDA __rt_csp+1
1551  69 00      2           ADC #0
1553  8D 27 08   4           STA __rt_csp+1
1556  4C 6B 08   3           JMP __rt_cstack_check
1559  38         2           SEC
155A  AD 26 08   4           LDA __rt_csp
155D  E9 02      2           SBC #2
155F  8D 26 08   4           STA __rt_csp
1562  85 02      3           STA __zpAP
1564  AD 27 08   4           LDA __rt_csp+1
1567  E9 00      2           SBC #0
1569  8D 27 08   4           STA __rt_csp+1
156C  85 03      3           STA __zpAP+1
156E  A0 00      2           LDY #0
1570  B1 02      5/6         LDA (__zpAP),Y
1572  99 2D 15   5           STA __fn_test_char_arithmetic_frame,Y
1575  C8         2           INY
1576  C0 02      2           CPY #2
1578  D0 F6      2/3/4       BNE __fn_test_char_arithmetic_popfr_loop
157A  60         6           RTS
157B  A9 41      2           LDA #<65
157D  85 FB      3           STA __zpR
157F  A9 00      2           LDA #>65
1581  85 FC      3           STA __zpR+1
1583  A5 FB      3           LDA __zpR
1585  8D 2D 15   4           STA __fn_test_char_arithmetic_v_base
1588  A5 FC      3           LDA __zpR+1
158A  8D 2E 15   4           STA __fn_test_char_arithmetic_v_base+1
158D  AD 2D 15   4           LDA __fn_test_char_arithmetic_v_base
1590  85 FB      3           STA __zpR
1592  AD 2E 15   4           LDA __fn_test_char_arithmetic_v_base+1
1595  85 FC      3           STA __zpR+1
1597  A5 FB      3           LDA __zpR
1599  20 0B 0B   6           JSR __rt_putc
159C  AD 2D 15   4           LDA __fn_test_char_arithmetic_v_base
159F  85 FB      3           STA __zpR
15A1  AD 2E 15   4           LDA __fn_test_char_arithmetic_v_base+1
15A4  85 FC      3           STA __zpR+1
15A6  20 35 08   6           JSR __rt_push
15A9  A9 01      2           LDA #<1
15AB  85 FB      3           STA __zpR
15AD  A9 00      2           LDA #>1
15AF  85 FC      3           STA __zpR+1
15B1  20 58 08   6           JSR __rt_pop2
15B4  18         2           CLC
15B5  A5 FD      3           LDA __zpR2
15B7  65 FB      3           ADC __zpR
15B9  85 FB      3           STA __zpR
15BB  A5 FE      3           LDA __zpR2+1
15BD  65 FC      3           ADC __zpR+1
15BF  85 FC      3           STA __zpR+1
15C1  A5 FB      3           LDA __zpR
15C3  20 0B 0B   6           JSR __rt_putc
15C6  AD 2D 15   4           LDA __fn_test_char_arithmetic_v_base
15C9  85 FB      3           STA __zpR
15CB  AD 2E 15   4           LDA __fn_test_char_arithmetic_v_base+1
15CE  85 FC      3           STA __zpR+1
15D0  20 35 08   6           JSR __rt_push
15D3  A9 02      2           LDA #<2
15D5  85 FB      3           STA __zpR
15D7  A9 00      2           LDA #>2
15D9  85 FC      3           STA __zpR+1
15DB  20 58 08   6           JSR __rt_pop2
15DE  18         2           CLC
15DF  A5 FD      3           LDA __zpR2
15E1  65 FB      3           ADC __zpR
15E3  85 FB      3           STA __zpR
15E5  A5 FE      3           LDA __zpR2+1
15E7  65 FC      3           ADC __zpR+1
15E9  85 FC      3           STA __zpR+1
15EB  A5 FB      3           LDA __zpR
15ED  20 0B 0B   6           JSR __rt_putc
15F0  A9 93      2           LDA #<__str_26
15F2  85 FB      3           STA __zpR
15F4  A9 17      2           LDA #>__str_26
15F6  85 FC      3           STA __zpR+1
15F8  20 E2 0A   6           JSR __rt_puts
15FB  60         6           RTS
15FC  60         6           RTS
15FD  60         6           RTS
15FE  20 AA 12   6           JSR __fn_test_basic_pushframe
1601  20 AC 12   6           JSR __fn_test_basic
1604  20 AB 12   6           JSR __fn_test_basic_popframe
1607  20 E4 12   6           JSR __fn_test_all_specifiers_pushframe
160A  20 E6 12   6           JSR __fn_test_all_specifiers
160D  20 E5 12   6           JSR __fn_test_all_specifiers_popframe
1610  20 4C 13   6           JSR __fn_test_negative_pushframe
1613  20 4E 13   6           JSR __fn_test_negative
1616  20 4D 13   6           JSR __fn_test_negative_popframe
1619  20 AD 13   6           JSR __fn_test_hex_widths_pushframe
161C  20 AF 13   6           JSR __fn_test_hex_widths
161F  20 AE 13   6           JSR __fn_test_hex_widths_popframe
1622  20 08 14   6           JSR __fn_test_no_args_pushframe
1625  20 0A 14   6           JSR __fn_test_no_args
1628  20 09 14   6           JSR __fn_test_no_args_popframe
162B  20 16 14   6           JSR __fn_test_only_specifier_pushframe
162E  20 18 14   6           JSR __fn_test_only_specifier
1631  20 17 14   6           JSR __fn_test_only_specifier_popframe
1634  20 33 14   6           JSR __fn_test_expr_args_pushframe
1637  20 7F 14   6           JSR __fn_test_expr_args
163A  20 5D 14   6           JSR __fn_test_expr_args_popframe
163D  20 09 15   6           JSR __fn_test_leading_and_trailing_percent_pushframe
1640  20 0B 15   6           JSR __fn_test_leading_and_trailing_percent
1643  20 0A 15   6           JSR __fn_test_leading_and_trailing_percent_popframe
1646  20 2F 15   6           JSR __fn_test_char_arithmetic_pushframe
1649  20 7B 15   6           JSR __fn_test_char_arithmetic
164C  20 59 15   6           JSR __fn_test_char_arithmetic_popframe
164F  A9 00      2           LDA #<0
1651  85 FB      3           STA __zpR
1653  A9 00      2           LDA #>0
1655  85 FC      3           STA __zpR+1
1657  60         6           RTS
1658  60         6           RTS

Symbol table:
  __CHROUT             = $FFD2
  __L0                 = $0CCC
  __L1                 = $0CCC
  __L10                = $0E17
  __L11                = $0E04
  __L12                = $0E17
  __L13                = $0EB5
  __L14                = $0E3B
  __L15                = $0F44
  __L16                = $0F44
  __L17                = $0F30
  __L18                = $0F56
  __L19                = $1031
  __L2                 = $0C95
  __L20                = $0F7A
  __L21                = $1031
  __L22                = $10CF
  __L23                = $1055
  __L24                = $1136
  __L25                = $1296
  __L26                = $1260
  __L27                = $115A
  __L28                = $1214
  __L29                = $1260
  __L3                 = $0D04
  __L30                = $11E4
  __L4                 = $0D04
  __L5                 = $0CF0
  __L6                 = $0D16
  __L7                 = $0DF1
  __L8                 = $0D3A
  __L9                 = $0E17
  __fn_main            = $15FE
  __fn_main_frame      = $15FC
  __fn_main_popframe   = $15FD
  __fn_main_pushframe  = $15FC
  __fn_newline         = $1299
  __fn_newline_frame   = $1297
  __fn_newline_popframe = $1298
  __fn_newline_pushframe = $1297
  __fn_print_hex       = $1124
  __fn_print_hex_frame = $10D0
  __fn_print_hex_popfr_loop = $1119
  __fn_print_hex_popframe = $1102
  __fn_print_hex_pushfr_loop = $10E4
  __fn_print_hex_pushframe = $10D8
  __fn_print_hex_v_digit = $10D6
  __fn_print_hex_v_i   = $10D2
  __fn_print_hex_v_n   = $10D0
  __fn_print_hex_v_shift = $10D4
  __fn_print_int       = $0C5F
  __fn_print_int_frame = $0C07
  __fn_print_int_popfr_loop = $0C54
  __fn_print_int_popframe = $0C3D
  __fn_print_int_pushfr_loop = $0C1F
  __fn_print_int_pushframe = $0C13
  __fn_print_int_v_buf = $0C09
  __fn_print_int_v_i   = $0C0F
  __fn_print_int_v_n   = $0C07
  __fn_print_int_v_neg = $0C11
  __fn_print_uint      = $0F0C
  __fn_print_uint_frame = $0EB6
  __fn_print_uint_popfr_loop = $0F01
  __fn_print_uint_popframe = $0EEA
  __fn_print_uint_pushfr_loop = $0ECC
  __fn_print_uint_pushframe = $0EC0
  __fn_print_uint_v_buf = $0EB8
  __fn_print_uint_v_i  = $0EBE
  __fn_print_uint_v_n  = $0EB6
  __fn_test_all_specifiers = $12E6
  __fn_test_all_specifiers_frame = $12E4
  __fn_test_all_specifiers_popframe = $12E5
  __fn_test_all_specifiers_pushframe = $12E4
  __fn_test_basic      = $12AC
  __fn_test_basic_frame = $12AA
  __fn_test_basic_popframe = $12AB
  __fn_test_basic_pushframe = $12AA
  __fn_test_char_arithmetic = $157B
  __fn_test_char_arithmetic_frame = $152D
  __fn_test_char_arithmetic_popfr_loop = $1570
  __fn_test_char_arithmetic_popframe = $1559
  __fn_test_char_arithmetic_pushfr_loop = $153B
  __fn_test_char_arithmetic_pushframe = $152F
  __fn_test_char_arithmetic_v_base = $152D
  __fn_test_expr_args  = $147F
  __fn_test_expr_args_frame = $142F
  __fn_test_expr_args_popfr_loop = $1474
  __fn_test_expr_args_popframe = $145D
  __fn_test_expr_args_pushfr_loop = $143F
  __fn_test_expr_args_pushframe = $1433
  __fn_test_expr_args_v_a = $142F
  __fn_test_expr_args_v_b = $1431
  __fn_test_hex_widths = $13AF
  __fn_test_hex_widths_frame = $13AD
  __fn_test_hex_widths_popframe = $13AE
  __fn_test_hex_widths_pushframe = $13AD
  __fn_test_leading_and_trailing_percent = $150B
  __fn_test_leading_and_trailing_percent_frame = $1509
  __fn_test_leading_and_trailing_percent_popframe = $150A
  __fn_test_leading_and_trailing_percent_pushframe = $1509
  __fn_test_negative   = $134E
  __fn_test_negative_frame = $134C
  __fn_test_negative_popframe = $134D
  __fn_test_negative_pushframe = $134C
  __fn_test_no_args    = $140A
  __fn_test_no_args_frame = $1408
  __fn_test_no_args_popframe = $1409
  __fn_test_no_args_pushframe = $1408
  __fn_test_only_specifier = $1418
  __fn_test_only_specifier_frame = $1416
  __fn_test_only_specifier_popframe = $1417
  __fn_test_only_specifier_pushframe = $1416
  __rt_csc_halt        = $088D
  __rt_csc_ok          = $0890
  __rt_csc_overflow    = $0882
  __rt_csp             = $0826
  __rt_cstack          = $1895
  __rt_cstack_check    = $086B
  __rt_eq16            = $0958
  __rt_eq16_ne         = $096D
  __rt_ge16            = $09C1
  __rt_ge16_t          = $09CD
  __rt_gt16            = $09D6
  __rt_gt16_t          = $09E2
  __rt_le16            = $09EB
  __rt_le16_t          = $09F7
  __rt_lt16            = $09AC
  __rt_lt16_t          = $09B8
  __rt_mul16           = $0891
  __rt_mul16_loop      = $089B
  __rt_mul16_noadd     = $08B2
  __rt_ne16            = $0974
  __rt_ne16_ne         = $0987
  __rt_neg_r           = $0901
  __rt_neg_r2          = $08F2
  __rt_neg_t0          = $0910
  __rt_pbuf            = $082E
  __rt_ph_byte         = $0B26
  __rt_ph_byte_sv      = $0834
  __rt_ph_digit        = $0B42
  __rt_ph_lo           = $0833
  __rt_ph_nibble       = $0B38
  __rt_pi_digloop      = $0B89
  __rt_pi_digloop_init = $0B79
  __rt_pi_ndig         = $082D
  __rt_pi_neg          = $082C
  __rt_pi_notneg       = $0B64
  __rt_pi_printloop    = $0BA8
  __rt_pi_zero         = $0B74
  __rt_pop2            = $0858
  __rt_print_hex16     = $0B15
  __rt_print_int16     = $0B48
  __rt_print_uint16    = $0BBD
  __rt_pu_digloop      = $0BDD
  __rt_pu_digloop_init = $0BCD
  __rt_pu_printloop    = $0BF2
  __rt_push            = $0835
  __rt_push_halt       = $0854
  __rt_push_ok         = $0857
  __rt_putc            = $0B0B
  __rt_puts            = $0AE2
  __rt_puts_done       = $0B0A
  __rt_puts_loop       = $0AEA
  __rt_sdivmod16       = $0923
  __rt_sdm_d1          = $0935
  __rt_sdm_d2          = $093F
  __rt_sdm_qdone       = $094F
  __rt_sdm_rdone       = $0957
  __rt_shl16           = $0A00
  __rt_shl16_done      = $0A16
  __rt_shl16_loop      = $0A0A
  __rt_shr16           = $0A17
  __rt_shr16_done      = $0A31
  __rt_shr16_loop      = $0A21
  __rt_spidx           = $0825
  __rt_stack           = $1795
  __rt_sub_r2r         = $0990
  __rt_sub_r2r_ok      = $099D
  __rt_sub_rr2         = $099E
  __rt_sub_rr2_ok      = $09AB
  __rt_topetscii       = $0A4A
  __rt_tp_done         = $0A69
  __rt_tp_notlower     = $0A5C
  __rt_udiv16          = $08C4
  __rt_udiv16_loop     = $08CE
  __rt_udiv16_skip     = $08EE
  __rt_uge16           = $0AC4
  __rt_uge16_f         = $0ADB
  __rt_uge16_t         = $0AD2
  __rt_ugt16           = $0A88
  __rt_ugt16_f         = $0A96
  __rt_ugt16_t         = $0A9D
  __rt_ule16           = $0AA6
  __rt_ule16_f         = $0ABD
  __rt_ule16_t         = $0AB4
  __rt_ult16           = $0A6A
  __rt_ult16_f         = $0A78
  __rt_ult16_t         = $0A7F
  __rt_ushr16          = $0A32
  __rt_ushr16_done     = $0A49
  __rt_ushr16_loop     = $0A3C
  __str_0              = $1659
  __str_1              = $16AE
  __str_10             = $1744
  __str_11             = $1748
  __str_12             = $1750
  __str_13             = $1752
  __str_14             = $1754
  __str_15             = $1756
  __str_16             = $1758
  __str_17             = $175A
  __str_18             = $175C
  __str_19             = $175E
  __str_2              = $170F
  __str_20             = $1772
  __str_21             = $1774
  __str_22             = $1778
  __str_23             = $177C
  __str_24             = $177E
  __str_25             = $1789
  __str_26             = $1793
  __str_3              = $1717
  __str_4              = $171D
  __str_5              = $1728
  __str_6              = $1735
  __str_7              = $1738
  __str_8              = $173C
  __str_9              = $1740
  __zpAP               = $0002
  __zpR                = $00FB
  __zpR2               = $00FD
  __zpT0               = $082A
  __zpT1               = $0828
