; c64asm listing  (origin $0801, 1407 bytes)
; CYCLES column: a plain number is a fixed cycle count; "b/b+1" means b cycles, +1 more if this instruction's indexed addressing crosses a page boundary; "2/3/4" means a branch's usual 2 (not taken) / 3 (taken) / 4 (taken, crossing a page). Blank means an illegal/undocumented opcode (.cpu 6510x) -- see c64asm-reference.md "Listing file format".

ADDR  BYTES      CYCLES  SOURCE
080D  4C 67 09   3               .basic start   ; needed once library code (wait_frame,
0810  AD 12 D0   4               lda VIC_RASTER
0813  C9 FB      2               cmp #$fb
0815  D0 F9      2/3/4           bne wait_frame
0817  60         6               rts
0818  A2 00      2               ldx #0                ; returned: did X bounce this frame?
081A  A0 00      2               ldy #0                ; returned: did Y bounce this frame?
081C  A5 05      3               lda xdir
081E  F0 1B      2/3/4           beq __local2_move_left
0820  E6 02      5               inc xpos              ; 16-bit increment: bump the low byte, and
0822  D0 02      2/3/4           bne __local2_x_inc_done        ; only the high byte too if that wrapped
0824  E6 03      5               inc xpos+1
0826  A5 02      3               lda xpos              ; 16-bit compare against XMAX
0828  C9 FF      2               cmp #<XMAX
082A  D0 29      2/3/4           bne __local2_x_done
082C  A5 03      3               lda xpos+1
082E  C9 00      2               cmp #>XMAX
0830  D0 23      2/3/4           bne __local2_x_done
0832  A9 00      2               lda #0
0834  85 05      3               sta xdir             ; hit the right edge -- reverse
0836  A2 01      2               ldx #1
0838  4C 55 08   3               jmp __local2_x_done
083B  A5 02      3               lda xpos              ; 16-bit decrement: only borrow into the
083D  D0 02      2/3/4           bne __local2_x_dec_done         ; high byte if the low byte was already 0
083F  C6 03      5               dec xpos+1
0841  C6 02      5               dec xpos
0843  A5 02      3               lda xpos              ; 16-bit compare against XMIN (XMIN is
0845  C9 00      2               cmp #<XMIN              ; ordinarily under 256, so xpos+1 will
0847  D0 0C      2/3/4           bne __local2_x_done               ; ordinarily be checked against 0 here,
0849  A5 03      3               lda xpos+1                  ; but this works for any XMIN value)
084B  C9 00      2               cmp #>XMIN
084D  D0 06      2/3/4           bne __local2_x_done
084F  A9 01      2               lda #1
0851  85 05      3               sta xdir             ; hit the left edge -- reverse
0853  A2 01      2               ldx #1
0855  A5 06      3               lda ydir
0857  F0 11      2/3/4           beq __local2_move_up
0859  E6 04      5               inc ypos
085B  A5 04      3               lda ypos
085D  C9 FF      2               cmp #YMAX
085F  D0 17      2/3/4           bne __local2_y_done
0861  A9 00      2               lda #0
0863  85 06      3               sta ydir             ; hit the bottom edge -- reverse
0865  A0 01      2               ldy #1
0867  4C 78 08   3               jmp __local2_y_done
086A  C6 04      5               dec ypos
086C  A5 04      3               lda ypos
086E  C9 00      2               cmp #YMIN
0870  D0 06      2/3/4           bne __local2_y_done
0872  A9 01      2               lda #1
0874  85 06      3               sta ydir             ; hit the top edge -- reverse
0876  A0 01      2               ldy #1
0878  A5 02      3               lda xpos
087A  8D 00 D0   4               sta SPRITE0_X
087D  A5 03      3               lda xpos+1
087F  F0 0B      2/3/4           beq __local2_msb_clear
0881  AD 10 D0   4               lda SPRITE_X_MSB
0884  09 01      2               ora #%00000001       ; set sprite 0's bit only -- other sprites'
0886  8D 10 D0   4               sta SPRITE_X_MSB       ; MSB bits, if any, are left untouched
0889  4C 94 08   3               jmp __local2_msb_done
088C  AD 10 D0   4               lda SPRITE_X_MSB
088F  29 FE      2               and #%11111110
0891  8D 10 D0   4               sta SPRITE_X_MSB
0894  A5 04      3               lda ypos
0896  8D 01 D0   4               sta SPRITE0_Y
0899  60         6               rts
089A  85 FB      3               sta gfx_ptr
089C  84 FC      3               sty gfx_ptr+1
089E  A9 01      2               lda #%00000001
08A0  8D 1D D0   4               sta SPRITE_X_EXPAND
08A3  8D 17 D0   4               sta SPRITE_Y_EXPAND
08A6  A0 00      2               ldy #$00
08A8  B1 FB      5/6             lda (gfx_ptr),y
08AA  8D 27 D0   4               sta SPRITE0_COLOR
08AD  20 10 08   6               jsr wait_frame
08B0  20 10 08   6               jsr wait_frame
08B3  C8         2               iny
08B4  CA         2               dex
08B5  D0 F1      2/3/4           bne __local3_loop
08B7  A9 00      2               lda #0
08B9  8D 15 D0   4               sta SPRITE_ENABLE
08BC  8D 1D D0   4               sta SPRITE_X_EXPAND
08BF  8D 17 D0   4               sta SPRITE_Y_EXPAND
08C2  60         6               rts
08C3  A9 00      2               lda #%00000000
08C5  8D 02 DC   4               sta CIA1_DDRA
08C8  AD 00 DC   4               lda CIA1_PRA
08CB  49 FF      2               eor #$ff
08CD  60         6               rts
08F6  A2 00      2               ldx #$00
08F8  20 CF FF   6               jsr CHRIN
08FB  C9 0D      2               cmp #$0d
08FD  F0 08      2/3/4           beq __local6_done
08FF  9D CE 08   5               sta input_buf,x
0902  E8         2               inx
0903  E0 27      2               cpx #MAX_INPUT_LEN-1
0905  D0 F1      2/3/4           bne __local6_loop
0907  A9 00      2               lda #$00
0909  9D CE 08   5               sta input_buf,x
090C  60         6               rts
090D  85 FB      3               sta word_dest_ptr
090F  84 FC      3               sty word_dest_ptr+1
0911  BD CE 08   4/5             lda input_buf,x
0914  C9 20      2               cmp #$20
0916  D0 04      2/3/4           bne __local7_start
0918  E8         2               inx
0919  4C 11 09   3               jmp __local7_skip_spaces
091C  A0 00      2               ldy #$00
091E  BD CE 08   4/5             lda input_buf,x
0921  F0 0F      2/3/4           beq __local7_end
0923  C9 20      2               cmp #$20
0925  F0 0A      2/3/4           beq __local7_space
0927  91 FB      6               sta (word_dest_ptr),y
0929  E8         2               inx
092A  C8         2               iny
092B  C0 0E      2               cpy #MAX_WORD_LEN-1
092D  D0 EF      2/3/4           bne __local7_loop
092F  F0 01      2/3/4           beq __local7_terminate
0931  E8         2               inx
0932  A9 00      2               lda #$00
0934  91 FB      6               sta (word_dest_ptr),y
0936  60         6               rts
0937  A5 09      3               lda engine_playing
0939  D0 1D      2/3/4           bne __local8_already_on
093B  A9 00      2               lda #$00
093D  8D 00 D4   4               sta VOICE1_FREQ_LO
0940  A9 08      2               lda #$08
0942  8D 01 D4   4               sta VOICE1_FREQ_HI
0945  A9 00      2               lda #$00
0947  8D 05 D4   4               sta VOICE1_AD
094A  A9 F8      2               lda #$f8
094C  8D 06 D4   4               sta VOICE1_SR
094F  A9 81      2               lda #%10000001          ; noise waveform, gate on
0951  8D 04 D4   4               sta VOICE1_CTRL
0954  A9 01      2               lda #1
0956  85 09      3               sta engine_playing
0958  60         6               rts
0959  A5 09      3               lda engine_playing
095B  F0 09      2/3/4           beq __local9_already_off
095D  A9 80      2               lda #%10000000          ; noise waveform, gate off
095F  8D 04 D4   4               sta VOICE1_CTRL
0962  A9 00      2               lda #0
0964  85 09      3               sta engine_playing
0966  60         6               rts
0967  A9 01      2               lda #1
0969  85 CC      3               sta $cc
096B  A9 00      2               lda #%00000000
096D  8D 03 DC   4               sta CIA1_DDRB
0970  A9 00      2               lda #<SCREEN
0972  85 FB      3               sta ptr
0974  A9 04      2               lda #>SCREEN
0976  85 FC      3               sta ptr+1
0978  A2 04      2               ldx #4
097A  A9 20      2               lda #$20              ; space
097C  A0 00      2               ldy #$00
097E  91 FB      6               sta (ptr),y
0980  C8         2               iny
0981  D0 FB      2/3/4           bne clear_screen_byte
0983  E6 FC      5               inc ptr+1
0985  CA         2               dex
0986  D0 F4      2/3/4           bne clear_screen
0988  A9 00      2               lda #<COLOR
098A  85 FB      3               sta ptr
098C  A9 D8      2               lda #>COLOR
098E  85 FC      3               sta ptr+1
0990  A2 04      2               ldx #4
0992  A9 00      2               lda #$00              ; color doesn't matter for space characters,
0994  A0 00      2               ldy #$00
0996  91 FB      6               sta (ptr),y
0998  C8         2               iny
0999  D0 FB      2/3/4           bne clear_color_byte
099B  E6 FC      5               inc ptr+1
099D  CA         2               dex
099E  D0 F4      2/3/4           bne clear_color
09A0  A9 00      2               lda #0
09A2  8D 20 D0   4               sta VIC_BORDER
09A5  8D 21 D0   4               sta VIC_BG0
09A8  A9 0F      2               lda #$0f
09AA  8D 18 D4   4               sta SID_VOLUME
09AD  A9 00      2               lda #$00
09AF  8D 04 D4   4               sta VOICE1_CTRL
09B2  A9 14      2               lda #<(SCREEN+20)
09B4  85 FB      3               sta ptr
09B6  A9 04      2               lda #>(SCREEN+20)
09B8  85 FC      3               sta ptr+1
09BA  A2 0D      2               ldx #13
09BC  A0 00      2               ldy #$00
09BE  A9 2A      2               lda #$2a              ; screen code '*' (same value as PETSCII here)
09C0  91 FB      6               sta (ptr),y
09C2  18         2               clc
09C3  A5 FB      3               lda ptr
09C5  69 50      2               adc #80                ; skip a row (draws every other row => dashed)
09C7  85 FB      3               sta ptr
09C9  A5 FC      3               lda ptr+1
09CB  69 00      2               adc #0
09CD  85 FC      3               sta ptr+1
09CF  CA         2               dex
09D0  D0 EA      2/3/4           bne draw_net_screen
09D2  A9 14      2               lda #<(COLOR+20)
09D4  85 FB      3               sta ptr
09D6  A9 D8      2               lda #>(COLOR+20)
09D8  85 FC      3               sta ptr+1
09DA  A2 0D      2               ldx #13
09DC  A0 00      2               ldy #$00
09DE  A9 01      2               lda #1                 ; white
09E0  91 FB      6               sta (ptr),y
09E2  18         2               clc
09E3  A5 FB      3               lda ptr
09E5  69 50      2               adc #80
09E7  85 FB      3               sta ptr
09E9  A5 FC      3               lda ptr+1
09EB  69 00      2               adc #0
09ED  85 FC      3               sta ptr+1
09EF  CA         2               dex
09F0  D0 EA      2/3/4           bne draw_net_color
09F2  A9 34      2               lda #((ball_data) / 64)
09F4  8D F8 07   4               sta SPRITE_PTR0
09F7  A9 01      2               lda #1
09F9  8D 27 D0   4               sta SPRITE0_COLOR
09FC  A9 22      2               lda #BALL_XMIN
09FE  8D 00 D0   4               sta SPRITE0_X
0A01  A9 6C      2               lda #108
0A03  8D 01 D0   4               sta SPRITE0_Y
0A06  A9 01      2               lda #%00000001
0A08  8D 15 D0   4               sta SPRITE_ENABLE
0A0B  AD 10 D0   4               lda SPRITE_X_MSB
0A0E  29 FE      2               and #%11111110       ; ball starts under 256 (BALL_XMIN=34), so
0A10  8D 10 D0   4               sta SPRITE_X_MSB       ; its MSB bit should start cleared too
0A13  A9 35      2               lda #(paddle_data / 64)
0A15  8D F9 07   4               sta SPRITE_PTR1
0A18  A9 35      2               lda #(paddle_data / 64)
0A1A  8D FA 07   4               sta SPRITE_PTR2
0A1D  A9 03      2               lda #3                 ; left paddle: cyan
0A1F  8D 28 D0   4               sta $d028
0A22  A9 07      2               lda #7                 ; right paddle: yellow
0A24  8D 29 D0   4               sta $d029
0A27  A9 18      2               lda #LEFT_PADDLE_X
0A29  8D 02 D0   4               sta $d002
0A2C  A9 64      2               lda #100
0A2E  8D 03 D0   4               sta $d003              ; = initial p1_y, set below
0A31  A9 40      2               lda #<RIGHT_PADDLE_X
0A33  8D 04 D0   4               sta $d004
0A36  AD 10 D0   4               lda SPRITE_X_MSB
0A39  09 04      2               ora #%00000100         ; sprite 2's X-MSB bit -- RIGHT_PADDLE_X
0A3B  8D 10 D0   4               sta SPRITE_X_MSB         ; is past 255; see the paddle-X comment
0A3E  A9 64      2               lda #100
0A40  8D 05 D0   4               sta $d005              ; = initial p2_y, set below
0A43  AD 15 D0   4               lda SPRITE_ENABLE
0A46  09 06      2               ora #%00000110         ; also enable sprites 1 and 2 (the ball,
0A48  8D 15 D0   4               sta SPRITE_ENABLE         ; sprite 0, was already enabled by
0A4B  A9 01      2               lda #1                  ; white
0A4D  8D 05 D8   4               sta P1_SCORE_COLOR
0A50  8D 20 D8   4               sta P2_SCORE_COLOR
0A53  A9 00      2               lda #0
0A55  85 0B      3               sta p1_score
0A57  85 0C      3               sta p2_score
0A59  20 C1 0C   6               jsr draw_p1_score
0A5C  20 CA 0C   6               jsr draw_p2_score
0A5F  A9 64      2               lda #100
0A61  85 07      3               sta p1_y
0A63  85 08      3               sta p2_y
0A65  A9 22      2               lda #<BALL_XMIN
0A67  85 02      3               sta ball_x
0A69  A9 00      2               lda #>BALL_XMIN
0A6B  85 03      3               sta ball_x+1
0A6D  A9 6C      2               lda #108
0A6F  85 04      3               sta ball_y
0A71  A9 01      2               lda #1
0A73  85 05      3               sta ball_xdir             ; serve toward the computer paddle
0A75  85 06      3               sta ball_ydir
0A77  A9 02      2               lda #AI_SPEED
0A79  85 09      3               sta ai_delay
0A7B  20 10 08   6               jsr wait_frame
0A7E  20 8D 0A   6               jsr read_joystick
0A81  20 D9 0A   6               jsr move_ai
0A84  20 FD 0A   6               jsr move_ball
0A87  20 95 0C   6               jsr update_sprites
0A8A  4C 7B 0A   3               jmp main_loop
0A8D  20 C3 08   6               jsr read_joy2
0A90  85 0A      3               sta joy_state           ; active-HIGH (1=pressed) -- read_joy2's
0A92  A5 0A      3               lda joy_state
0A94  29 01      2               and #%00000001         ; joystick up
0A96  D0 15      2/3/4           bne do_up
0A98  78         2               sei
0A99  A9 FF      2               lda #%11111111
0A9B  8D 02 DC   4               sta CIA1_DDRA
0A9E  A9 FD      2               lda #%11111101
0AA0  8D 00 DC   4               sta CIA1_PRA
0AA3  AD 01 DC   4               lda CIA1_PRB
0AA6  58         2               cli
0AA7  49 FF      2               eor #$ff
0AA9  29 02      2               and #%00000010
0AAB  F0 08      2/3/4           beq no_up
0AAD  A5 07      3               lda p1_y
0AAF  C9 32      2               cmp #PADDLE_YMIN
0AB1  F0 02      2/3/4           beq no_up
0AB3  C6 07      5               dec p1_y
0AB5  A5 0A      3               lda joy_state
0AB7  29 02      2               and #%00000010         ; joystick down
0AB9  D0 15      2/3/4           bne do_down
0ABB  78         2               sei
0ABC  A9 FF      2               lda #%11111111
0ABE  8D 02 DC   4               sta CIA1_DDRA
0AC1  A9 FD      2               lda #%11111101
0AC3  8D 00 DC   4               sta CIA1_PRA
0AC6  AD 01 DC   4               lda CIA1_PRB
0AC9  58         2               cli
0ACA  49 FF      2               eor #$ff
0ACC  29 20      2               and #%00100000
0ACE  F0 08      2/3/4           beq no_down
0AD0  A5 07      3               lda p1_y
0AD2  C9 E5      2               cmp #PADDLE_YMAX
0AD4  F0 02      2/3/4           beq no_down
0AD6  E6 07      5               inc p1_y
0AD8  60         6               rts
0AD9  C6 09      5               dec ai_delay
0ADB  D0 1F      2/3/4           bne ai_done
0ADD  A9 02      2               lda #AI_SPEED
0ADF  85 09      3               sta ai_delay
0AE1  A5 08      3               lda p2_y
0AE3  C5 04      3               cmp ball_y
0AE5  F0 15      2/3/4           beq ai_done
0AE7  90 0B      2/3/4           bcc ai_need_down       ; p2_y < ball_y -> move down
0AE9  A5 08      3               lda p2_y
0AEB  C9 32      2               cmp #PADDLE_YMIN
0AED  F0 0D      2/3/4           beq ai_done
0AEF  C6 08      5               dec p2_y
0AF1  4C FC 0A   3               jmp ai_done
0AF4  A5 08      3               lda p2_y
0AF6  C9 E5      2               cmp #PADDLE_YMAX
0AF8  F0 02      2/3/4           beq ai_done
0AFA  E6 08      5               inc p2_y
0AFC  60         6               rts
0AFD  A5 06      3               lda ball_ydir
0AFF  F0 2D      2/3/4           beq ball_move_up
0B01  E6 04      5               inc ball_y
0B03  A5 04      3               lda ball_y
0B05  C9 E5      2               cmp #YMAX_WALL
0B07  D0 4F      2/3/4           bne ball_y_done
0B09  A9 00      2               lda #0
0B0B  85 06      3               sta ball_ydir
0B0D  A9 00      2               lda #$00
0B0F  8D 04 D4   4               sta VOICE1_CTRL
0B12  A9 00      2               lda #$00
0B14  8D 00 D4   4               sta VOICE1_FREQ_LO
0B17  A9 18      2               lda #$18
0B19  8D 01 D4   4               sta VOICE1_FREQ_HI
0B1C  A9 06      2               lda #$06
0B1E  8D 05 D4   4               sta VOICE1_AD
0B21  A9 00      2               lda #$00
0B23  8D 06 D4   4               sta VOICE1_SR
0B26  A9 11      2               lda #%00010001
0B28  8D 04 D4   4               sta VOICE1_CTRL
0B2B  4C 58 0B   3               jmp ball_y_done
0B2E  C6 04      5               dec ball_y
0B30  A5 04      3               lda ball_y
0B32  C9 32      2               cmp #YMIN_WALL
0B34  D0 22      2/3/4           bne ball_y_done
0B36  A9 01      2               lda #1
0B38  85 06      3               sta ball_ydir
0B3A  A9 00      2               lda #$00
0B3C  8D 04 D4   4               sta VOICE1_CTRL
0B3F  A9 00      2               lda #$00
0B41  8D 00 D4   4               sta VOICE1_FREQ_LO
0B44  A9 18      2               lda #$18
0B46  8D 01 D4   4               sta VOICE1_FREQ_HI
0B49  A9 06      2               lda #$06
0B4B  8D 05 D4   4               sta VOICE1_AD
0B4E  A9 00      2               lda #$00
0B50  8D 06 D4   4               sta VOICE1_SR
0B53  A9 11      2               lda #%00010001
0B55  8D 04 D4   4               sta VOICE1_CTRL
0B58  A5 05      3               lda ball_xdir
0B5A  F0 18      2/3/4           beq ball_move_left
0B5C  E6 02      5               inc ball_x              ; 16-bit increment: bump the low byte, and
0B5E  D0 02      2/3/4           bne ball_x_inc_done       ; only the high byte too if that wrapped
0B60  E6 03      5               inc ball_x+1
0B62  A5 02      3               lda ball_x               ; 16-bit compare against BALL_XMAX
0B64  C9 36      2               cmp #<BALL_XMAX
0B66  D0 23      2/3/4           bne ball_x_done
0B68  A5 03      3               lda ball_x+1
0B6A  C9 01      2               cmp #>BALL_XMAX
0B6C  D0 1D      2/3/4           bne ball_x_done
0B6E  20 8C 0B   6               jsr test_right_paddle
0B71  4C 8B 0B   3               jmp ball_x_done
0B74  A5 02      3               lda ball_x               ; 16-bit decrement: only borrow into the
0B76  D0 02      2/3/4           bne ball_x_dec_done        ; high byte if the low byte was already 0
0B78  C6 03      5               dec ball_x+1
0B7A  C6 02      5               dec ball_x
0B7C  A5 02      3               lda ball_x                ; 16-bit compare against BALL_XMIN (which
0B7E  C9 22      2               cmp #<BALL_XMIN              ; is ordinarily under 256, so ball_x+1
0B80  D0 09      2/3/4           bne ball_x_done                ; will ordinarily be checked against 0)
0B82  A5 03      3               lda ball_x+1
0B84  C9 00      2               cmp #>BALL_XMIN
0B86  D0 03      2/3/4           bne ball_x_done
0B88  20 07 0C   6               jsr test_left_paddle
0B8B  60         6               rts
0B8C  A5 04      3               lda ball_y
0B8E  18         2               clc
0B8F  69 18      2               adc #PADDLE_RANGE
0B91  C5 08      3               cmp p2_y
0B93  90 2C      2/3/4           bcc right_miss          ; ball_y+RANGE < p2_y -> ball is above the paddle
0B95  A5 08      3               lda p2_y
0B97  18         2               clc
0B98  69 18      2               adc #PADDLE_RANGE
0B9A  C5 04      3               cmp ball_y
0B9C  90 23      2/3/4           bcc right_miss          ; p2_y+RANGE < ball_y -> ball is below the paddle
0B9E  A9 00      2               lda #0
0BA0  85 05      3               sta ball_xdir            ; hit -- bounce back left
0BA2  A9 00      2               lda #$00
0BA4  8D 04 D4   4               sta VOICE1_CTRL
0BA7  A9 00      2               lda #$00
0BA9  8D 00 D4   4               sta VOICE1_FREQ_LO
0BAC  A9 30      2               lda #$30
0BAE  8D 01 D4   4               sta VOICE1_FREQ_HI
0BB1  A9 08      2               lda #$08
0BB3  8D 05 D4   4               sta VOICE1_AD
0BB6  A9 00      2               lda #$00
0BB8  8D 06 D4   4               sta VOICE1_SR
0BBB  A9 11      2               lda #%00010001
0BBD  8D 04 D4   4               sta VOICE1_CTRL
0BC0  60         6               rts
0BC1  20 82 0C   6               jsr flash_border
0BC4  A9 00      2               lda #$00
0BC6  8D 04 D4   4               sta VOICE1_CTRL
0BC9  A9 00      2               lda #$00
0BCB  8D 00 D4   4               sta VOICE1_FREQ_LO
0BCE  A9 08      2               lda #$08
0BD0  8D 01 D4   4               sta VOICE1_FREQ_HI
0BD3  A9 0F      2               lda #$0f
0BD5  8D 05 D4   4               sta VOICE1_AD
0BD8  A9 00      2               lda #$00
0BDA  8D 06 D4   4               sta VOICE1_SR
0BDD  A9 11      2               lda #%00010001
0BDF  8D 04 D4   4               sta VOICE1_CTRL
0BE2  E6 0B      5               inc p1_score
0BE4  A5 0B      3               lda p1_score
0BE6  C9 0A      2               cmp #10
0BE8  D0 04      2/3/4           bne p1_score_ok
0BEA  A9 00      2               lda #0
0BEC  85 0B      3               sta p1_score
0BEE  20 C1 0C   6               jsr draw_p1_score
0BF1  A9 22      2               lda #<BALL_XMIN
0BF3  85 02      3               sta ball_x
0BF5  A9 00      2               lda #>BALL_XMIN
0BF7  85 03      3               sta ball_x+1
0BF9  A5 07      3               lda p1_y
0BFB  18         2               clc
0BFC  69 08      2               adc #8                  ; roughly paddle-center height -- clamped
0BFE  C9 E5      2               cmp #YMAX_WALL             ; below to stay STRICTLY less than
0C00  90 02      2/3/4           bcc serve_right_y_ok         ; YMAX_WALL, not just <= it: p1_y can
0C02  A9 E4      2               lda #YMAX_WALL-1               ; now reach values (e.g. 221) where
0C04  85 04      3               sta ball_y                         ; and if ball_ydir is still "down"
0C06  60         6               rts                                   ; at that moment, move_ball's
0C07  A5 04      3               lda ball_y
0C09  18         2               clc
0C0A  69 18      2               adc #PADDLE_RANGE
0C0C  C5 07      3               cmp p1_y
0C0E  90 2C      2/3/4           bcc left_miss
0C10  A5 07      3               lda p1_y
0C12  18         2               clc
0C13  69 18      2               adc #PADDLE_RANGE
0C15  C5 04      3               cmp ball_y
0C17  90 23      2/3/4           bcc left_miss
0C19  A9 01      2               lda #1
0C1B  85 05      3               sta ball_xdir             ; hit -- bounce back right
0C1D  A9 00      2               lda #$00
0C1F  8D 04 D4   4               sta VOICE1_CTRL
0C22  A9 00      2               lda #$00
0C24  8D 00 D4   4               sta VOICE1_FREQ_LO
0C27  A9 30      2               lda #$30
0C29  8D 01 D4   4               sta VOICE1_FREQ_HI
0C2C  A9 08      2               lda #$08
0C2E  8D 05 D4   4               sta VOICE1_AD
0C31  A9 00      2               lda #$00
0C33  8D 06 D4   4               sta VOICE1_SR
0C36  A9 11      2               lda #%00010001
0C38  8D 04 D4   4               sta VOICE1_CTRL
0C3B  60         6               rts
0C3C  20 82 0C   6               jsr flash_border
0C3F  A9 00      2               lda #$00
0C41  8D 04 D4   4               sta VOICE1_CTRL
0C44  A9 00      2               lda #$00
0C46  8D 00 D4   4               sta VOICE1_FREQ_LO
0C49  A9 08      2               lda #$08
0C4B  8D 01 D4   4               sta VOICE1_FREQ_HI
0C4E  A9 0F      2               lda #$0f
0C50  8D 05 D4   4               sta VOICE1_AD
0C53  A9 00      2               lda #$00
0C55  8D 06 D4   4               sta VOICE1_SR
0C58  A9 11      2               lda #%00010001
0C5A  8D 04 D4   4               sta VOICE1_CTRL
0C5D  E6 0C      5               inc p2_score
0C5F  A5 0C      3               lda p2_score
0C61  C9 0A      2               cmp #10
0C63  D0 04      2/3/4           bne p2_score_ok
0C65  A9 00      2               lda #0
0C67  85 0C      3               sta p2_score
0C69  20 CA 0C   6               jsr draw_p2_score
0C6C  A9 36      2               lda #<BALL_XMAX
0C6E  85 02      3               sta ball_x
0C70  A9 01      2               lda #>BALL_XMAX
0C72  85 03      3               sta ball_x+1
0C74  A5 08      3               lda p2_y
0C76  18         2               clc
0C77  69 08      2               adc #8                  ; roughly paddle-center height -- clamped
0C79  C9 E5      2               cmp #YMAX_WALL             ; the same way right_miss's own serve is,
0C7B  90 02      2/3/4           bcc serve_left_y_ok          ; and for the identical reason -- see
0C7D  A9 E4      2               lda #YMAX_WALL-1               ; that comment above
0C7F  85 04      3               sta ball_y
0C81  60         6               rts
0C82  A9 02      2               lda #2                  ; red
0C84  8D 20 D0   4               sta VIC_BORDER
0C87  A2 08      2               ldx #8
0C89  20 10 08   6               jsr wait_frame
0C8C  CA         2               dex
0C8D  D0 FA      2/3/4           bne flash_delay
0C8F  A9 00      2               lda #0
0C91  8D 20 D0   4               sta VIC_BORDER
0C94  60         6               rts
0C95  A5 02      3               lda ball_x
0C97  8D 00 D0   4               sta SPRITE0_X
0C9A  A5 03      3               lda ball_x+1
0C9C  F0 0B      2/3/4           beq ball_msb_clear
0C9E  AD 10 D0   4               lda SPRITE_X_MSB
0CA1  09 01      2               ora #%00000001       ; sprite 0's bit only -- sprite 2's own MSB
0CA3  8D 10 D0   4               sta SPRITE_X_MSB       ; bit (set once at startup) is untouched
0CA6  4C B1 0C   3               jmp ball_msb_done
0CA9  AD 10 D0   4               lda SPRITE_X_MSB
0CAC  29 FE      2               and #%11111110
0CAE  8D 10 D0   4               sta SPRITE_X_MSB
0CB1  A5 04      3               lda ball_y
0CB3  8D 01 D0   4               sta SPRITE0_Y
0CB6  A5 07      3               lda p1_y
0CB8  8D 03 D0   4               sta $d003
0CBB  A5 08      3               lda p2_y
0CBD  8D 05 D0   4               sta $d005
0CC0  60         6               rts
0CC1  A5 0B      3               lda p1_score
0CC3  18         2               clc
0CC4  69 30      2               adc #$30
0CC6  8D 05 04   4               sta P1_SCORE_POS
0CC9  60         6               rts
0CCA  A5 0C      3               lda p2_score
0CCC  18         2               clc
0CCD  69 30      2               adc #$30
0CCF  8D 20 04   4               sta P2_SCORE_POS
0CD2  60         6               rts

Symbol table:
  AI_SPEED             = $0002
  BALL_XMAX            = $0136
  BALL_XMIN            = $0022
  BITMAP               = $2000
  CHRIN                = $FFCF
  CHROUT               = $FFD2
  CIA1_DDRA            = $DC02
  CIA1_DDRB            = $DC03
  CIA1_PRA             = $DC00
  CIA1_PRB             = $DC01
  CIA2_DDRA            = $DD02
  CIA2_PRA             = $DD00
  COLOR                = $D800
  LEFT_PADDLE_X        = $0018
  MAX_INPUT_LEN        = $0028
  MAX_WORD_LEN         = $000F
  P1_SCORE_COLOR       = $D805
  P1_SCORE_POS         = $0405
  P2_SCORE_COLOR       = $D820
  P2_SCORE_POS         = $0420
  PADDLE_RANGE         = $0018
  PADDLE_YMAX          = $00E5
  PADDLE_YMIN          = $0032
  RIGHT_PADDLE_X       = $0140
  SCREEN               = $0400
  SID_VOLUME           = $D418
  SPRITE0_COLOR        = $D027
  SPRITE0_X            = $D000
  SPRITE0_Y            = $D001
  SPRITE_ENABLE        = $D015
  SPRITE_PTR0          = $07F8
  SPRITE_PTR1          = $07F9
  SPRITE_PTR2          = $07FA
  SPRITE_X_EXPAND      = $D01D
  SPRITE_X_MSB         = $D010
  SPRITE_Y_EXPAND      = $D017
  VIC_BANK_0           = $0003
  VIC_BANK_1           = $0002
  VIC_BANK_2           = $0001
  VIC_BANK_3           = $0000
  VIC_BG0              = $D021
  VIC_BORDER           = $D020
  VIC_CTRL1            = $D011
  VIC_CTRL2            = $D016
  VIC_MEMPTRS          = $D018
  VIC_RASTER           = $D012
  VOICE1_AD            = $D405
  VOICE1_CTRL          = $D404
  VOICE1_FREQ_HI       = $D401
  VOICE1_FREQ_LO       = $D400
  VOICE1_SR            = $D406
  VOICE2_AD            = $D40C
  VOICE2_CTRL          = $D40B
  VOICE2_FREQ_HI       = $D408
  VOICE2_FREQ_LO       = $D407
  VOICE2_SR            = $D40D
  VOICE3_AD            = $D413
  VOICE3_CTRL          = $D412
  VOICE3_FREQ_HI       = $D40F
  VOICE3_FREQ_LO       = $D40E
  VOICE3_SR            = $D414
  XMAX                 = $00FF
  XMIN                 = $0000
  YMAX                 = $00FF
  YMAX_WALL            = $00E5
  YMIN                 = $0000
  YMIN_WALL            = $0032
  __local2_move_left   = $083B
  __local2_move_up     = $086A
  __local2_msb_clear   = $088C
  __local2_msb_done    = $0894
  __local2_x_dec_done  = $0841
  __local2_x_done      = $0855
  __local2_x_inc_done  = $0826
  __local2_y_done      = $0878
  __local3_loop        = $08A8
  __local6_done        = $0907
  __local6_loop        = $08F8
  __local7_end         = $0932
  __local7_loop        = $091E
  __local7_skip_spaces = $0911
  __local7_space       = $0931
  __local7_start       = $091C
  __local7_terminate   = $0932
  __local8_already_on  = $0958
  __local9_already_off = $0966
  ai_delay             = $0009
  ai_done              = $0AFC
  ai_need_down         = $0AF4
  ball_data            = $0D00
  ball_move_left       = $0B74
  ball_move_up         = $0B2E
  ball_msb_clear       = $0CA9
  ball_msb_done        = $0CB1
  ball_x               = $0002
  ball_x_dec_done      = $0B7A
  ball_x_done          = $0B8B
  ball_x_inc_done      = $0B62
  ball_xdir            = $0005
  ball_y               = $0004
  ball_y_done          = $0B58
  ball_ydir            = $0006
  clear_color          = $0994
  clear_color_byte     = $0996
  clear_screen         = $097C
  clear_screen_byte    = $097E
  do_down              = $0AD0
  do_up                = $0AAD
  draw_net_color       = $09DC
  draw_net_screen      = $09BC
  draw_p1_score        = $0CC1
  draw_p2_score        = $0CCA
  engine_playing       = $0009
  engine_sound_off     = $0959
  engine_sound_on      = $0937
  extract_word         = $090D
  flash_border         = $0C82
  flash_delay          = $0C89
  gfx_ptr              = $00FB
  input_buf            = $08CE
  joy_state            = $000A
  left_miss            = $0C3C
  main_loop            = $0A7B
  move_ai              = $0AD9
  move_ball            = $0AFD
  no_down              = $0AD8
  no_up                = $0AB5
  p1_score             = $000B
  p1_score_ok          = $0BEE
  p1_y                 = $0007
  p2_score             = $000C
  p2_score_ok          = $0C69
  p2_y                 = $0008
  paddle_data          = $0D40
  ptr                  = $00FB
  read_joy2            = $08C3
  read_joystick        = $0A8D
  read_line            = $08F6
  right_miss           = $0BC1
  serve_left_y_ok      = $0C7F
  serve_right_y_ok     = $0C04
  sprite0_bounce_step  = $0818
  sprite0_explode      = $089A
  start                = $0967
  test_left_paddle     = $0C07
  test_right_paddle    = $0B8C
  update_sprites       = $0C95
  wait_frame           = $0810
  word_dest_ptr        = $00FB
  xdir                 = $0005
  xpos                 = $0002
  ydir                 = $0006
  ypos                 = $0004
